reboot
S - Format: Log Type - Time(microsec) - Message - Optional Info
S - Log Type: B - Since Boot(Power On Reset),  D - Delta,  S - Statistic
S - QC_IMAGE_VERSION_STRING=BOOT.MXF.1.0-01040-LAHAINA-1
S - IMAGE_VARIANT_STRING=SocKodiakLAA
S - OEM_IMAGE_VERSION_STRING=SWa7661dd56b
S - Boot Interface: UFS
S - Secure Boot: Off
S - Boot Config @ 0x00786070 = 0x000000c1
S - JTAG ID @ 0x00786130 = 0x001980e1
S - OEM ID @ 0x00786138 = 0x00000000
S - Serial Number @ 0x00786134 = 0x71a83c97
S - OEM Config Row 0 @ 0x007841c0 = 0x0000000000000000
S - OEM Config Row 1 @ 0x007841c8 = 0x0000000000000000
S - Feature Config Row 0 @ 0x00784148 = 0x0000000000000000
S - Feature Config Row 1 @ 0x00784150 = 0x0000000000000000
S - Core 0 Frequency, 1516 MHz
S - PBL Patch Ver: 1
D -      6633 - pbl_apps_init_timestamp
D -     37121 - bootable_media_detect_timestamp
D -       965 - bl_elf_metadata_loading_timestamp
D -       703 - bl_hash_seg_auth_timestamp
D -      7243 - bl_elf_loadable_segment_loading_timestamp
D -      4589 - bl_elf_segs_hash_verify_timestamp
D -     17369 - bl_sec_hash_seg_auth_timestamp
D -       821 - bl_sec_segs_hash_verify_timestamp
D -        28 - pbl_populate_shared_data_and_exit_timestamp
S -     75472 - PBL, End
B -     84271 - SBL1, Start
B -    212981 - SBL1 BUILD @ 19:32:27 on Nov 20 2024
B -    217007 - usb: usb_shared_hs_phy_init: hs phy cfg size , 0xc
B -    226188 - usb: eud_serial_upd , 0x71a83c97
D -    226523 - sbl1_hw_init
B -    292708 - UFS INQUIRY ID: SKhynix HN8T15BZGKX016  A043
B -    295148 - UFS Boot LUN: 1
B -    306189 - UFS GEAR: 3
D -     80886 - boot_media_init
D -         0 - smss_load_cancel
B -    314821 - SMSS -  Image Load, Start
D -      3050 - SMSS -  Image Loaded, Delta - (0 Bytes)
D -       976 - Auth Metadata
D -      5643 - sbl1_xblconfig_init
B -    329613 - XBL Config -  Image Load, Start
D -        31 - shrm_load_cancel
B -    337299 - SHRM -  Image Load, Start
D -       549 - Auth Metadata
D -      1281 - Segments hash check
D -     11773 - SHRM -  Image Loaded, Delta - (39616 Bytes)
D -         0 - boot_default_cdt_init
B -    357948 - Using default CDT
D -      3507 - boot_cdt_init
B -    364475 - CDT -  Image Load, Start
B -    367250 - CDT Version:3,Platform ID:34,Major ID:1,Minor ID:0,Subtype:0
D -     16562 - sbl1_hw_platform_pre_ddr
D -         0 - devcfg init
B -    393267 - PMIC A:2.0 B:1.0 C:2.2 I:1.0
B -    395005 - PM: Reset by PSHOLD
B -    397415 - PM: Reset Type: Hard Reset
B -    648979 - PM: SET_VAL:Skip
B -    648979 - PM: Verifying PON-Trigger specific configurations & current PON-Trigger
B -    657732 - PM: All PON-Trigger specific configs verified. Proceeding to BOOT
B -    667218 - PM: PSI: b0x06_v0x3e
B -    669932 - PM: Device Init # SPMI Transn: 15295
D -    286975 - pm_device_init, Delta
B -    675636 - pm_driver_init, Start
B -    687073 - PM: Driver Init # SPMI Transn: 516
D -      7960 - pm_driver_init, Delta
B -    691770 - PM: CHG Type in CHG init : 2
B -    695308 - usb: usb_shared_hs_phy_init: hs phy cfg size , 0xc
B -    905087 - usb: usb_shared_hs_phy_init: hs phy cfg size , 0xc
B -    910882 - PM: usb_dp_toggled_for_cdp : 200ms
B -    912133 - PM: Battery ID: 100063Ohm
B -    915915 - PM: VBAT: 4171mV IBAT: 46mA
B -    919727 - PM: CHG Init # SPMI Transn: 15843
B -    923692 - vsense_init, Start
D -        30 - vsense_init, Delta
D -    556961 - sbl1_hw_pre_ddr_init
D -       153 - sbl1_sw_load_power_supply
Wait 3sec (No input) ......Wait 2sec (No input) ......Wait 1sec (No input) ......D -   3009648 - sbl1_sw_console_init
D -         0 - boot_dload_handle_forced_dload_timeout
D -      2989 - sbl1_load_ddr_training_data
B -   3962316 - Pre_DDR_clock_init, Start
D -        61 - Pre_DDR_clock_init, Delta
D -     12901 - sbl1_ddr_set_params
B -   3973997 - sbl1_ddr_init, Start
B -   3977413 - LP5 DDR detected
D -     15616 - sbl1_ddr_init, Delta
B -   3992999 - DSF version = 262.0.47
B -   3996354 - Manufacturer ID = 6, Device Type = 8
B -   3999953 - Rank 0 size = 4096 MB, Rank 1 size = 4096 MB
D -     30866 - sbl1_ddr_init
D -         0 - boot_pre_ddi_entry
B -   4013068 - do_ddr_training, Start
B -   4054243 - DDR: Start of DDR Training Restore
B -   4057872 - Current DDR Freq = 2096 MHz
B -   4058909 - Max enabled DDR Freq = 3196 MHz
B -   4062935 - DDR: End of DDR Training Restore
D -     51057 - do_ddr_training, Delta
D -     58865 - sbl1_do_ddr_training
D -       915 - boot_ddi_entry
B -   4078765 - Pimem init cmd, entry
D -      9180 - Pimem init cmd, exit
B -   4091270 - External heap init, Start
B -   4094259 - External heap init, End
D -     22174 - sbl1_post_ddr_init
D -         0 - sbl1_hw_init_secondary
B -   4104964 - DDR -  Image Load, Start
B -   4110942 - UFS 3.x Device Volt set to 2.5 volt
B -   4113596 - usb: UFS Serial - cf067f77
B -   4117073 - usb: chgr -  CDP_CHARGER
B -   4121434 - usb: usb_shared_hs_phy_init: hs phy cfg size , 0xc
B -   4330390 - usb: usb_dp_toggled_for_cdp , 0xc8
D -    221826 - boot_fedl_check
B -   4335056 - APDP -  Image Load, Start
D -       915 - Auth Metadata
D -       488 - Segments hash check
D -      9577 - APDP -  Image Loaded, Delta - (7844 Bytes)
D -         0 - boot_dload_dump_security_regions
D -         0 - ramdump_load_cancel
B -   4357779 - RamDump -  Image Load, Start
D -      3294 - RamDump -  Image Loaded, Delta - (0 Bytes)
D -        31 - boot_update_abnormal_reset_status
D -         0 - boot_cache_set_memory_barrier
D -         0 - boot_smem_debug_init
D -       457 - boot_smem_init
D -        31 - boot_smem_alloc_for_minidump
D -        92 - boot_smem_store_pon_status
D -        30 - sbl1_hw_platform_smem
D -        61 - boot_ddr_share_data_to_aop
D -       488 - boot_clock_init_rpm
D -         0 - boot_vsense_copy_to_smem
D -        31 - boot_populate_ram_partition_table
D -        30 - boot_populate_ddr_details_shared_table
D -         0 - sbl1_tlmm_init
D -         0 - sbl1_efs_handle_cookies
D -        31 - sbl1_sw_shmem_init
Wait 3sec (No input) ......Wait 2sec (No input) ......Wait 1sec (No input) ......D -   3009008 - sbl1_sw_console_init
B -   7433246 - OEM_MISC -  Image Load, Start
D -       519 - Auth Metadata
D -       214 - Segments hash check
D -     10370 - OEM_MISC -  Image Loaded, Delta - (7736 Bytes)
B -   7446941 - QTI_MISC -  Image Load, Start
D -      5703 - QTI_MISC -  Image Loaded, Delta - (0 Bytes)
B -   7462374 - PM: PM Total Mem Allocated: 2340 
D -      5551 - sbl1_pm_aop_pre_init_wrapper
B -   7466949 - AOP -  Image Load, Start
D -       702 - Auth Metadata
D -      1586 - Segments hash check
D -     13145 - AOP -  Image Loaded, Delta - (203304 Bytes)
B -   7483388 - QSEE Dev Config -  Image Load, Start
D -       640 - Auth Metadata
D -       518 - Segments hash check
D -     13054 - QSEE Dev Config -  Image Loaded, Delta - (47304 Bytes)
B -   7505470 - QSEE -  Image Load, Start
D -     17446 - Auth Metadata
D -     21991 - Segments hash check
D -     87139 - QSEE -  Image Loaded, Delta - (3689939 Bytes)
D -       122 - sbl1_sw_restore_power_supply
D -        61 - sbl1_hw_play_vibr
B -   7605663 - SEC -  Image Load, Start
D -      3324 - SEC -  Image Loaded, Delta - (64 Bytes)
B -   7612556 - CPUCPFW -  Image Load, Start
D -     17293 - Auth Metadata
D -     17568 - Segments hash check
D -     48007 - CPUCPFW -  Image Loaded, Delta - (171304 Bytes)
B -   7669591 - QHEE -  Image Load, Start
D -     17232 - Auth Metadata
D -      9303 - Segments hash check
D -     30622 - QHEE -  Image Loaded, Delta - (1945857 Bytes)
B -   7703537 - APPSBL -  Image Load, Start
D -       793 - Auth Metadata
D -     11133 - Segments hash check
D -     23699 - APPSBL -  Image Loaded, Delta - (2560000 Bytes)
D -        61 - sbl1_sw_restore_power_supply
D -         0 - sbl1_save_appsbl_index
B -   7740564 - SBL1, End
D -   7659801 - SBL1, Delta
S - Flash Throughput, 192050 KB/s  (8834306 Bytes,  46789 us)
S - DDR Frequency, 1555 MHz
0       7.878644 Hypervisor cold boot, version: haven-35898553a prod (Wed Oct 4 10:26:07 2023 UTC)
[RM]Starting Resource Manager, version: 9a25288c (Tue Jan 31 10:13:11 2023 UTC)
[RM]init completed
[RM]UART is disabled


UEFI Start     [ 7984]
 - 0x09FC01000 [ 7987] Sec.efi
ASLR        : ON
DEP         : ON (RTB)
Timer Delta : -4294 mS
RAM Entry 0 : Base 0x0080000000  Size 0x0039300000
RAM Entry 1 : Base 0x0180000000  Size 0x0100000000
RAM Entry 2 : Base 0x00C0000000  Size 0x00C0000000
Total Available RAM : 8083 MB (0x01F9300000)
Total Installed RAM : 8192 MB (0x0200000000)
Init 1 aux cores of 7
Init CPU core 1
  > Scheduler up on Core 1
UEFI Ver    : 6.0.241120.BOOT.MXF.1.0-01040-LAHAINA-1
Build Info  : 64b Nov 20 2024 19:32:58
Boot Device : UFS
PROD Mode   : TRUE
Retail      : TRUE
PM0: 47, PM1: 63, PM2: 49, PM8: 46, 
Module cannot re-initialize DAL module environment
UFS INQUIRY ID: SKhynix HN8T15BZGKX016  A043
UFS Boot LUN: 1
UFS GEAR: 4
HW Wdog Setting from PCD : Disabled
QseeResponse->result = 0xFFFFFFFF
Status = 0x7
QseeResponse->result = 0xFFFFFFFF
Status = 0x7
DisplayDxe: Resolution 1440x3120 (1 intf)
smem_alloc_ex: SMEM alloc_ex failed with err=-3! smem_type=478, remote=3, size=32, flags=0x40000000.UsbConfigLibOpenProtocols: PMI version (0x0)
UsbConfigInit: after setting role
UsbConfigInit: UsbConfigInit, not start on port: 0, mode 0
UsbConfigInit: after setting role
UsbConfigInit: UsbConfigInit, not start on port: 1, mode 0
UsbConfigPortsQueryConnectionChange: Attach UFP and micro-USB
UsbConfigPortsQueryConnectionChange: usbport->connectstate: ATT
ButtonsDxeTest: Keypress SDAM data payload 0 
SoftSKUDxeInitialize: SoftSKU not supported for this chip
tz_armv8_smc_call failed, TzStatus = 0xFFFFFFFE,  SmcId = 0x32000101  
QseeResponse->result = 0xFFFFFFFF
Status = 0x7
QseeAppStartSyscall Failed 1 
MinidumpTALib:LoadImageFromPartition(mdcompress) failed: 0xLoad Error
MinidumpTADxe: Minidump TA loading failed.
Disp init wait [ 8560] 
-----------------------------
Platform Init  [ 8848] BDS
UEFI Ver   : 6.0.241120.BOOT.MXF.1.0-01040-LAHAINA-1
Platform           : IDP
Subtype            : 0
Boot Device        : UFS
Chip Name          : QCS6490
Chip Ver           : 1.0
Chip Serial Number : 0x71A83C97
-----------------------------
UEFI Total : 919 ms
POST Time      [ 8903] OS Loader
Loader Build Info: Nov  2 2024 21:00:08
VB: Non-secure device: Security State: (0xFFF3F)
VB: RWDeviceState: Succeed using devinfo!
Total DDR Size: 0x00000001F9300000 
Locate EFI_SOFTSKU_Protocol failed, Status = (0xE)
KeyPress:0, BootReason:0
Fastboot=0, Recovery:0
Booting from slot (_a)
Booting Into Mission Mode
Loading Image Start : 8922 ms
Loading Image Done : 8923 ms
Total Image Read size : 4096 Bytes
Load Image vbmeta_a total time: 1 ms 
Load Image vbmeta_system_a total time: 0 ms 
Load Image boot_a total time: 57 ms 
Load Image dtbo_a total time: 14 ms 
Load Image vendor_boot_a total time: 53 ms 
QseeResponse->result = 0xFFFFFFFF
Status = 0x7
QseeResponse->result = 0xFFFFFFFF
Status = 0x7
QseeResponse->result = 0xFFFFFFFF
Status = 0x7
VB2: Authenticate complete! boot state is: green
VB2: boot state: green(0)
QseeResponse->result = 0xFFFFFFFF
Status = 0x7
Hyp version: 1
Memory Base Address: 0x80000000
Override DTB: GetBlkIOHandles failed loading user_dtbo!
Apply Overlay total time: 293 ms 
VB: Non-secure device: Security State: (0xFFF3F)
VB: RWDeviceState: Succeed using devinfo!
Cmdline: console=ttyMSM0,115200n8 androidboot.hardware=qcom androidboot.console=ttyMSM0 androidboot.memcg=1 lpm_levels.sleep_disabled=1 video=vfb:640x400,bpp=32,memsize=3072000 msm_rtb.filter=0x237 service_locator.enable=1 androidboot.usbcontroller=a60000
RAM Partitions
Add Base: 0x0000000080000000 Available Length: 0x0000000039300000 
Add Base: 0x0000000180000000 Available Length: 0x0000000100000000 
Add Base: 0x00000000C0000000 Available Length: 0x00000000C0000000 
PartialGoods Value: 0x0
Update Device Tree total time: 33 ms 

Shutting Down UEFI Boot Services: 9640 ms
Start EBS        [ 9640] 
BDS: LogFs sync skipped, Unsupported
App Log Flush : 28 ms
ScmArmV8ExitBootServicesHandler, Status = 0x0. 
Exit EBS        [ 9687] UEFI End
0       9.700713 Hypervisor UART is disabled!

[    0.000000][    T0] Booting Linux on physical CPU 0x0000000000 [0x412fd050]
[    0.000000][    T0] Linux version 5.4.268-qgki-debug (wen@server) (Android (6877366 based on r383902b1) clang version 11.0.2 (https://android.googlesource.com/toolchain/llvm-project b397f81060ce6d701042b782172ed13bee898b79), LLD 11.0.2 (https://android.googlesource.com/toolchain/llvm-project b397f81060ce6d701042b782172ed13bee898b79)) #1 SMP PREEMPT Sat Nov 2 21:30:38 CST 2024
[    0.000000][    T0] memblock_reserve: 0x8da91 setup_arch+0x64/0x1f0
[    0.000000][    T0] random: crng init done
[    0.000000][    T0] Machine model: Qualcomm Technologies, Inc. YupikP IOT IDP + PM7250B
[    0.000000][    T0] earlycon: msm_geni_serial0 at MMIO 0x0000000000994000 (options '')
[    0.000000][    T0] printk: bootconsole [msm_geni_serial0] enabled
[    0.000000][    T0] efi: Getting EFI parameters from FDT:
[    0.000000][    T0] efi: UEFI not found.
[    0.000000][    T0] Memory limit set/overridden to 6035MB
[    0.000000][    T0] Reserved memory: created CMA memory pool at 0x00000000ff000000, size 12 MiB
[    0.000000][    T0] OF: reserved mem: initialized node adsp_region, compatible id shared-dma-pool
[    0.000000][    T0] Reserved memory: created DMA memory pool at 0x00000000df700000, size 8 MiB
[    0.000000][    T0] OF: reserved mem: initialized node memshare_region, compatible id shared-dma-pool
[    0.000000][    T0] Reserved memory: created CMA memory pool at 0x00000000fe000000, size 16 MiB
[    0.000000][    T0] OF: reserved mem: initialized node qseecom_ta_region, compatible id shared-dma-pool
[    0.000000][    T0] Reserved memory: created CMA memory pool at 0x00000000fd000000, size 16 MiB
[    0.000000][    T0] OF: reserved mem: initialized node user_contig_region, compatible id shared-dma-pool
[    0.000000][    T0] Reserved memory: created CMA memory pool at 0x00000000fa400000, size 44 MiB
[    0.000000][    T0] OF: reserved mem: initialized node mem_dump_region, compatible id shared-dma-pool
[    0.000000][    T0] Reserved memory: created CMA memory pool at 0x00000000f8400000, size 32 MiB
[    0.000000][    T0] OF: reserved mem: initialized node linux,cma, compatible id shared-dma-pool
[    0.000000][    T0] Reserved memory: created CMA memory pool at 0x00000000f2000000, size 100 MiB
[    0.000000][    T0] OF: reserved mem: initialized node non_secure_display_region, compatible id shared-dma-pool
[    0.000000][    T0] Reserved memory: created CMA memory pool at 0x00000000f0400000, size 28 MiB
[    0.000000][    T0] OF: reserved mem: initialized node audio_cma_region, compatible id shared-dma-pool
[    0.000000][    T0] Reserved memory: created CMA memory pool at 0x00000000ef000000, size 20 MiB
[    0.000000][    T0] OF: reserved mem: initialized node qseecom_region, compatible id shared-dma-pool
[    0.000000][    T0] Reserved memory: created CMA memory pool at 0x00000000e6400000, size 140 MiB
[    0.000000][    T0] OF: reserved mem: initialized node secure_display_region, compatible id shared-dma-pool
[    0.000000][    T0] Reserved memory: created CMA memory pool at 0x00000000e5000000, size 20 MiB
[    0.000000][    T0] OF: reserved mem: initialized node cnss_wlan_region, compatible id shared-dma-pool
[    0.000000][    T0] psci: probing for conduit method from DT.
[    0.000000][    T0] psci: PSCIv1.1 detected in firmware.
[    0.000000][    T0] psci: Using standard PSCI v0.2 function IDs
[    0.000000][    T0] psci: MIGRATE_INFO_TYPE not supported.
[    0.000000][    T0] psci: SMC Calling Convention v1.0
[    0.000000][    T0] psci: OSI mode supported.
[    0.000000][    T0] psci: Switched to OSI mode.
[    0.000000][    T0] percpu: Embedded 32 pages/cpu s93864 r8192 d29016 u131072
[    0.000000][    T0] Detected VIPT I-cache on CPU0
[    0.000000][    T0] CPU features: detected: GIC system register CPU interface
[    0.000000][    T0] CPU features: kernel page table isolation forced OFF by kpti command line option
[    0.000000][    T0] CPU features: detected: Speculative Store Bypassing Safe (SSBS)
[    0.000000][    T0] Built 1 zonelists, mobility grouping on.  Total pages: 1365161
[    0.000000][    T0] Kernel command line: cgroup_disable=pressure log_buf_len=256K earlycon=msm_geni_serial,0x994000 rcupdate.rcu_expedited=1 rcu_nocbs=0-7 kpti=off console=ttyMSM0,115200n8 androidboot.hardware=qcom androidboot.console=ttyMSM0 androidboot.memcg=1 lpm_levels.sleep_disabled=1 video=vfb:640x400,bpp=32,memsize=3072000 msm_rtb.filter=0x237 service_locator.enable=1 androidboot.usbcontroller=a600000.dwc3 swiotlb=0 loop.max_part=7 cgroup.memory=nokmem,nosocket pcie_ports=compat loop.max_part=7 iptable_raw.raw_before_defrag=1 ip6table_raw.raw_before_defrag=1 buildvariant=userdebug  androidboot.verifiedbootstate=green androidboot.keymaster=1 androidboot.vbmeta.device=PARTUUID=1468a6a9-af06-2e45-147b-a61a41634ac8 androidboot.vbmeta.avb_version=1.0 androidboot.vbmeta.device_state=unlocked androidboot.vbmeta.hash_alg=sha256 androidboot.vbmeta.size=7872 androidboot.vbmeta.digest=2c9322792078875a5815eddd65024d638434bf01c1847945a7f020b38c02bd7f androidboot.vbmeta.invalidate_on_e
[    0.000000][    T0] cgroup: Disabling pressure control group feature
[    0.000000][    T0] printk: log_buf_len: 262144 bytes
[    0.000000][    T0] printk: early log buf free: 125508(95%)
[    0.000000][    T0] Dentry cache hash table entries: 1048576 (order: 11, 8388608 bytes, linear)
[    0.000000][    T0] Inode-cache hash table entries: 524288 (order: 10, 4194304 bytes, linear)
[    0.000000][    T0] mem auto-init: stack:all(zero), heap alloc:off, heap free:off
[    0.000000][    T0] Memory: 4880244K/5547324K available (22396K kernel code, 3400K rwdata, 14464K rodata, 5568K init, 7633K bss, 228808K reserved, 438272K cma-reserved)
[    0.000000][    T0] SLUB: HWalign=64, Order=0-3, MinObjects=0, CPUs=8, Nodes=1
[    0.000000][    T0] kmemleak: Kernel memory leak detector disabled
[    0.000000][    T0] rcu: Preemptible hierarchical RCU implementation.
[    0.000000][    T0] rcu: 	RCU dyntick-idle grace-period acceleration is enabled.
[    0.000000][    T0] rcu: 	RCU restricting CPUs from NR_CPUS=32 to nr_cpu_ids=8.
[    0.000000][    T0] 	All grace periods are expedited (rcu_expedited).
[    0.000000][    T0] 	Tasks RCU enabled.
[    0.000000][    T0] rcu: RCU calculated value of scheduler-enlistment delay is 25 jiffies.
[    0.000000][    T0] rcu: Adjusting geometry for rcu_fanout_leaf=16, nr_cpu_ids=8
[    0.000000][    T0] NR_IRQS: 64, nr_irqs: 64, preallocated irqs: 0
[    0.000000][    T0] GICv3: 988 SPIs implemented
[    0.000000][    T0] GICv3: 0 Extended SPIs implemented
[    0.000000][    T0] GICv3: Distributor has no Range Selector support
[    0.000000][    T0] GICv3: 16 PPIs implemented
[    0.000000][    T0] GICv3: no VLPI support, no direct LPI support
[    0.000000][    T0] rcu: 	Offload RCU callbacks from CPUs: 0-7.
[    0.000000][    T0] arch_timer: cp15 and mmio timer(s) running at 19.20MHz (virt/virt).
[    0.000000][    T0] clocksource: arch_sys_counter: mask: 0xffffffffffffff max_cycles: 0x46d987e47, max_idle_ns: 440795202767 ns
[    0.000003][    T0] sched_clock: 56 bits at 19MHz, resolution 52ns, wraps every 4398046511078ns
[    0.008936][    T0] clocksource: Switched to clocksource arch_sys_counter
[    0.021000][    T0] Calibrating delay loop (skipped), value calculated using timer frequency.. 38.40 BogoMIPS (lpj=76800)
[    0.032304][    T0] pid_max: default: 32768 minimum: 301
[    0.038206][    T0] LSM: Security Framework initializing
[    0.043850][    T0] SELinux:  Initializing.
[    0.048623][    T0] Mount-cache hash table entries: 16384 (order: 5, 131072 bytes, linear)
[    0.057246][    T0] Mountpoint-cache hash table entries: 16384 (order: 5, 131072 bytes, linear)
[    0.072467][    T1] ASID allocator initialised with 32768 entries
[    0.079121][    T1] rcu: Hierarchical SRCU implementation.
[    0.095458][    T1] scm_mem_protection_init_do: SCM call failed
[    0.101599][    T1] EFI services will not be available.
[    0.108832][    T1] smp: Bringing up secondary CPUs ...
[    0.116514][    T0] Detected VIPT I-cache on CPU1
[    0.116633][    T0] CPU1: Booted secondary processor 0x0000000100 [0x412fd050]
[    0.119377][    T0] Detected VIPT I-cache on CPU2
[    0.119479][    T0] CPU2: Booted secondary processor 0x0000000200 [0x412fd050]
[    0.122134][    T0] Detected VIPT I-cache on CPU3
[    0.122216][    T0] CPU3: Booted secondary processor 0x0000000300 [0x412fd050]
[    0.126304][    T0] CPU features: detected: Spectre-BHB
[    0.126339][    T0] Detected PIPT I-cache on CPU4
[    0.126361][    T0] CPU features: SANITY CHECK: Unexpected variation in SYS_ID_ISAR4_EL1. Boot CPU: 0x00000000011142, CPU4: 0x00000000010142
[    0.126371][    T0] CPU features: SANITY CHECK: Unexpected variation in SYS_ID_PFR0_EL1. Boot CPU: 0x00000010000131, CPU4: 0x00000010010131
[    0.126378][    T0] CPU features: SANITY CHECK: Unexpected variation in SYS_ID_PFR1_EL1. Boot CPU: 0x00000010011011, CPU4: 0x00000010010000
[    0.126385][    T0] CPU features: Unsupported CPU feature variation detected.
[    0.126541][    T0] CPU4: Booted secondary processor 0x0000000400 [0x411fd411]
[    0.129428][    T0] Detected PIPT I-cache on CPU5
[    0.129455][    T0] CPU features: SANITY CHECK: Unexpected variation in SYS_ID_ISAR4_EL1. Boot CPU: 0x00000000011142, CPU5: 0x00000000010142
[    0.129468][    T0] CPU features: SANITY CHECK: Unexpected variation in SYS_ID_PFR0_EL1. Boot CPU: 0x00000010000131, CPU5: 0x00000010010131
[    0.129478][    T0] CPU features: SANITY CHECK: Unexpected variation in SYS_ID_PFR1_EL1. Boot CPU: 0x00000010011011, CPU5: 0x00000010010000
[    0.129654][    T0] CPU5: Booted secondary processor 0x0000000500 [0x411fd411]
[    0.132559][    T0] Detected PIPT I-cache on CPU6
[    0.132585][    T0] CPU features: SANITY CHECK: Unexpected variation in SYS_ID_ISAR4_EL1. Boot CPU: 0x00000000011142, CPU6: 0x00000000010142
[    0.132597][    T0] CPU features: SANITY CHECK: Unexpected variation in SYS_ID_PFR0_EL1. Boot CPU: 0x00000010000131, CPU6: 0x00000010010131
[    0.132607][    T0] CPU features: SANITY CHECK: Unexpected variation in SYS_ID_PFR1_EL1. Boot CPU: 0x00000010011011, CPU6: 0x00000010010000
[    0.132785][    T0] CPU6: Booted secondary processor 0x0000000600 [0x411fd411]
[    0.136794][    T0] Detected PIPT I-cache on CPU7
[    0.136806][    T0] CPU features: SANITY CHECK: Unexpected variation in SYS_ID_ISAR4_EL1. Boot CPU: 0x00000000011142, CPU7: 0x00000000010142
[    0.136811][    T0] CPU features: SANITY CHECK: Unexpected variation in SYS_ID_PFR0_EL1. Boot CPU: 0x00000010000131, CPU7: 0x00000010010131
[    0.136816][    T0] CPU features: SANITY CHECK: Unexpected variation in SYS_ID_PFR1_EL1. Boot CPU: 0x00000010011011, CPU7: 0x00000010010000
[    0.136900][    T0] CPU7: Booted secondary processor 0x0000000700 [0x411fd411]
[    0.137192][    T1] smp: Brought up 1 node, 8 CPUs
[    0.395882][    T1] SMP: Total of 8 processors activated.
[    0.401568][    T1] CPU features: detected: Privileged Access Never
[    0.408122][    T1] CPU features: detected: LSE atomic instructions
[    0.414607][    T1] CPU features: detected: User Access Override
[    0.420797][    T1] CPU features: detected: 32-bit EL0 Support
[    0.426831][    T1] CPU features: detected: Common not Private translations
[    0.434011][    T1] CPU features: detected: RAS Extension Support
[    0.440298][    T1] CPU features: detected: Data cache clean to the PoU not required for I/D coherence
[    0.449891][    T1] CPU features: detected: CRC32 instructions
[    0.562042][    T1] CPU: All CPU(s) started at EL1
[    0.567088][   T14] alternatives: patching kernel code
[    0.648800][    T1] allocated 69206016 bytes of page_ext
[    0.670985][    T1] Node 0, zone   Normal: page owner found early allocated 16275 pages
[    1.340527][    T1] Registered cp15_barrier emulation handler
[    1.346498][    T1] Registered setend emulation handler
[    1.352831][    T1] clocksource: jiffies: mask: 0xffffffff max_cycles: 0xffffffff, max_idle_ns: 7645041785100000 ns
[    1.363637][    T1] futex hash table entries: 2048 (order: 5, 131072 bytes, linear)
[    1.435196][    T1] pinctrl core: initialized pinctrl subsystem
[    1.443142][    T1] 
[    1.445438][    T1] *************************************************************
[    1.453161][    T1] **     NOTICE NOTICE NOTICE NOTICE NOTICE NOTICE NOTICE    **
[    1.460864][    T1] **                                                         **
[    1.468578][    T1] **  IOMMU DebugFS SUPPORT HAS BEEN ENABLED IN THIS KERNEL  **
[    1.476277][    T1] **                                                         **
[    1.483992][    T1] ** This means that this kernel is built to expose internal **
[    1.491691][    T1] ** IOMMU data structures, which may compromise security on **
[    1.499404][    T1] ** your system.                                            **
[    1.507106][    T1] **                                                         **
[    1.514818][    T1] ** If you see this message and you are not debugging the   **
[    1.522518][    T1] ** kernel, report this immediately to your vendor!         **
[    1.530229][    T1] **                                                         **
[    1.537930][    T1] **     NOTICE NOTICE NOTICE NOTICE NOTICE NOTICE NOTICE    **
[    1.545640][    T1] *************************************************************
[    1.554559][    T1] NET: Registered protocol family 16
[    1.566045][    T1] DMA: preallocated 256 KiB pool for atomic allocations
[    1.573099][    T1] audit: initializing netlink subsys (disabled)
[    1.579822][   T63] audit: type=2000 audit(1.567:1): state=initialized audit_enabled=0 res=1
[    1.588575][    T1] cpuidle: using governor menu
[    1.593934][    T1] NET: Registered protocol family 42
[    1.600383][    T1] hw-breakpoint: found 6 breakpoint and 4 watchpoint registers.
[    1.609567][    T1] dbg save-restore supported by TZ
[    1.615228][    T1] Serial: AMBA PL011 UART driver
[    1.621020][    T1] DMA: preallocated 256 KiB pool for atomic allocations
[    1.632330][    T1] pstore: Registered ramoops as persistent store backend
[    1.639421][    T1] ramoops: using 0x200000@0xa9000000, ecc: 0
[    1.951827][    T1] msm-dcc 117f000.dcc_v2: DCC list passed 3
[    1.958100][    T1] msm-dcc 117f000.dcc_v2: All values written to enable.
[    1.965311][    T1] msm-dcc 117f000.dcc_v2: DCC list passed 4
[    1.971854][    T1] msm-dcc 117f000.dcc_v2: All values written to enable.
[    1.979247][    T1] msm-dcc 117f000.dcc_v2: DCC list passed 6
[    1.985700][    T1] msm-dcc 117f000.dcc_v2: All values written to enable.
[    2.464474][    T1] rpmh_regulator_probe: ldoe2: could not find RPMh address for resource
[    2.476464][    T1] rpmh_regulator_probe: ldoe3: could not find RPMh address for resource
[    2.488404][    T1] rpmh_regulator_probe: ldoe4: could not find RPMh address for resource
[    2.500380][    T1] rpmh_regulator_probe: ldoe5: could not find RPMh address for resource
[    2.512335][    T1] rpmh_regulator_probe: ldoe6: could not find RPMh address for resource
[    2.529158][    T8] spmi spmi-0: PMIC arbiter version v5 (0x50020000)
[    2.536672][    T1] msm_sps_probe: sps:sps is ready
[    2.590065][    T1] hh-watchdog hypervisor:qcom,hh-watchdog: QCOM Apps Watchdog Initialized
[    2.631014][   T78] cryptomgr_test (78) used greatest stack depth: 14912 bytes left
[    2.635474][    T8] spmi spmi-0: pmic_arb_wait_for_done: transaction failed (0x3)
[    2.638913][   T79] cryptomgr_test (79) used greatest stack depth: 14288 bytes left
[    2.652242][    T1] cryptd: max_cpu_qlen set to 1000
[    2.665105][   T13] cryptomgr_test (83): highest shadow stack usage: 112 bytes
[    2.672575][   T13] cryptomgr_test (86): highest shadow stack usage: 144 bytes
[    2.689061][   T21] cryptomgr_test (79): highest shadow stack usage: 160 bytes
[    2.693311][    T1] qmp-aop-clk soc:qcom,aopcc: Registered clocks with AOP
[    2.723961][    T1] gcc-yupik 100000.clock-controller: Registered GCC clocks
[    2.735381][    T1] gpu_cc-yupik 3d90000.clock-controller: Registered GPU CC clocks
[    2.746689][    T1] video_cc-yupik aaf0000.clock-controller: Registered VIDEO CC clocks
[    2.756180][    T1] KPI: Bootloader start count = 291959
[    2.761686][    T1] KPI: Bootloader end count = 317893
[    2.766997][    T1] KPI: Bootloader display count = 2810323112
[    2.773003][    T1] KPI: Bootloader load kernel count = 3624
[    2.778834][    T1] KPI: Kernel MPM timestamp = 469564
[    2.784127][    T1] KPI: Kernel MPM Clock frequency = 32768
[    2.791088][    T1] Minidump: Enabled with max number of regions 200
[    2.927357][    T1] Built 1 zonelists, mobility grouping on.  Total pages: 1324665
[    3.286496][    T1] mem-offline: Added memory blocks ranging from mem16 - mem19
[    3.297812][    T1] iommu: Default domain type: Translated 
[    3.308033][    T1] SCSI subsystem initialized
[    3.313129][    T1] usbcore: registered new interface driver usbfs
[    3.319602][    T1] usbcore: registered new interface driver hub
[    3.325885][    T1] usbcore: registered new device driver usb
[    3.332616][    T1] usb_phy_generic soc:usb_nop_phy: soc:usb_nop_phy supply vcc not found, using dummy regulator
[    3.345519][    T1] qcom,qpnp-power-on c440000.qcom,spmi:qcom,pmk8350@0:pon_hlos@1300: IRQ pmic-wd-bark not found
[    3.356360][    T1] input: qpnp_pon as /devices/platform/soc/c440000.qcom,spmi/spmi-0/spmi0-00/c440000.qcom,spmi:qcom,pmk8350@0:pon_hlos@1300/input/input0
[    3.371365][    T1] qcom,qpnp-power-on c440000.qcom,spmi:qcom,pm7250b@2:qcom,power-on@800: PMIC@SID8 Power-on reason: Triggered from CBL (External Power Supply) and 'cold' boot
[    3.387559][    T1] qcom,qpnp-power-on c440000.qcom,spmi:qcom,pm7250b@2:qcom,power-on@800: PMIC@SID8: Power-off reason: Triggered from SOFT (Software)
[    3.401449][    T1] qcom,qpnp-power-on c440000.qcom,spmi:qcom,pm7250b@2:qcom,power-on@800: IRQ pmic-wd-bark not found
[    3.413740][    T1] mc: Linux media interface: v0.10
[    3.418969][    T1] videodev: Linux video capture interface: v2.00
[    3.425610][    T1] thermal_sys: Registered thermal governor 'step_wise'
[    3.425613][    T1] thermal_sys: Registered thermal governor 'user_space'
[    3.432519][    T1] thermal_sys: Registered thermal governor 'power_allocator'
[    3.468833][    T1] EDAC MC: Ver: 3.0.0
[    3.489719][    T1] energy_model: Power domains created prior to em_debug_init
[    3.498257][    T1] energy_model: Power domains created prior to em_debug_init
[    3.506361][    T1] energy_model: Power domains created prior to em_debug_init
[    3.514099][   T56] core_ctl: Creating CPU group 0
[    3.519034][   T56] core_ctl: Init CPU0 state
[    3.523518][   T56] core_ctl: Init CPU1 state
[    3.528120][   T56] core_ctl: Init CPU2 state
[    3.532619][   T56] core_ctl: Init CPU3 state
[    3.537378][   T56] core_ctl: Creating CPU group 4
[    3.542335][   T56] core_ctl: Init CPU4 state
[    3.546828][   T56] core_ctl: Init CPU5 state
[    3.551312][   T56] core_ctl: Init CPU6 state
[    3.556457][   T56] core_ctl: Creating CPU group 7
[    3.559725][    T1] shmbridge is enabled
[    3.561400][   T56] core_ctl: Init CPU7 state
[    3.571922][    T1] IPA framework init
[    3.576452][    T1] dev-cpufreq: No tables parsed from DT.
[    3.582628][    T1] SDAM base=0x7100 size=128 registered successfully
[    3.589352][    T1] SDAM base=0x7400 size=128 registered successfully
[    3.596075][    T1] SDAM base=0x7c00 size=128 registered successfully
[    3.602788][    T1] SDAM base=0x7d00 size=128 registered successfully
[    3.609517][    T1] SDAM base=0x8400 size=128 registered successfully
[    3.616216][    T1] SDAM base=0x8500 size=128 registered successfully
[    3.622943][    T1] SDAM base=0x8600 size=128 registered successfully
[    3.629677][    T1] SDAM base=0x9d00 size=128 registered successfully
[    3.636384][    T1] Advanced Linux Sound Architecture Driver Initialized.
[    3.644115][    T1] IPA clients manager init
[    3.648509][    T1] ipa_usb driver init
[    3.652775][    T1] ipa_usb registered successfully
[    3.657809][    T1] exit: IPA_USB init success!
[    3.662471][    T1] ipa_wdi3 registered successfully
[    3.667574][    T1] ipa_gsb registered successfully
[    3.672590][    T1] ipa_uc_offload registered successfully
[    3.678234][    T1] ipa_mhi registered successfully
[    3.683251][    T1] ipa_wigig registered successfully
[    3.688894][    T1] Bluetooth: Core ver 2.22
[    3.693324][    T1] NET: Registered protocol family 31
[    3.698603][    T1] Bluetooth: HCI device and connection manager initialized
[    3.705859][    T1] Bluetooth: HCI socket layer initialized
[    3.711595][    T1] Bluetooth: L2CAP socket layer initialized
[    3.717514][    T1] Bluetooth: SCO socket layer initialized
[    3.723396][    T1] pcie:pcie_init.
[    3.734924][    T1] platform soc:qcom,ion:qcom,ion-heap@10: assigned reserved memory node secure_display_region
[    3.745535][    T1] platform soc:qcom,ion:qcom,ion-heap@19: assigned reserved memory node qseecom_ta_region
[    3.755809][    T1] platform soc:qcom,ion:qcom,ion-heap@26: assigned reserved memory node user_contig_region
[    3.766135][    T1] platform soc:qcom,ion:qcom,ion-heap@27: assigned reserved memory node qseecom_region
[    3.776104][    T1] platform soc:qcom,ion:qcom,ion-heap@5: assigned reserved memory node audio_cma_region
[    3.786182][    T1] platform soc:qcom,ion:qcom,ion-heap@3: assigned reserved memory node non_secure_display_region
[    3.797483][    T1] ION heap system created
[    3.802340][    T1] ION heap secure_heap created
[    3.828304][    T1] platform soc:qcom,ion:qcom,ion-heap@14: ion_secure_carveout: creating heap@0x81800000, size 0x1e00000
[    3.839625][    T1] ION heap secure_carveout created
[    3.845087][    T1] ION heap secure_display created
[    3.850221][    T1] ION heap qsecom_ta created
[    3.854923][    T1] ION heap user_contig created
[    3.859766][    T1] ION heap qsecom created
[    3.864190][    T1] ION heap audio_ml created
[    3.868768][    T1] ION heap display created
[    3.875280][    T1] clocksource: Switched to clocksource arch_sys_counter
[    3.953759][    T1] VFS: Disk quotas dquot_6.6.0
[    3.958556][    T1] VFS: Dquot-cache hash table entries: 512 (order 0, 4096 bytes)
[    3.970397][    T1] yupik-debugcc soc:debug-clock-controller@0: Registered debug measure clocks
[    3.980800][    T1] NET: Registered protocol family 2
[    3.986317][    T1] IP idents hash table entries: 131072 (order: 8, 1048576 bytes, linear)
[    3.995895][    T1] tcp_listen_portaddr_hash hash table entries: 4096 (order: 5, 163840 bytes, linear)
[    4.005615][    T1] TCP established hash table entries: 65536 (order: 7, 524288 bytes, linear)
[    4.014781][    T1] TCP bind hash table entries: 65536 (order: 9, 2097152 bytes, linear)
[    4.023711][    T1] TCP: Hash tables configured (established 65536 bind 65536)
[    4.031423][    T1] UDP hash table entries: 4096 (order: 6, 393216 bytes, linear)
[    4.039319][    T1] UDP-Lite hash table entries: 4096 (order: 6, 393216 bytes, linear)
[    4.047725][    T1] NET: Registered protocol family 1
[    4.053594][    T1] NET: Registered protocol family 44
[    4.058895][    T1] PCI: CLS 0 bytes, default 64
[    4.063822][    T1] Trying to unpack rootfs image as initramfs...
[    4.197026][    T1] Freeing initrd memory: 10300K
[    4.203090][    T1] hw perfevents: enabled with armv8_pmuv3 PMU driver, 7 counters available
[    4.221889][    T1] Initialise system trusted keyrings
[    4.227265][    T1] workingset: timestamp_bits=46 max_order=21 bucket_order=0
[    4.251974][    T1] fuse: init (API version 7.31)
[    4.264417][    T1] Key type asymmetric registered
[    4.269354][    T1] Asymmetric key parser 'x509' registered
[    4.275134][    T1] Block layer SCSI generic (bsg) driver version 0.4 loaded (major 241)
[    4.283442][    T1] io scheduler mq-deadline registered
[    4.288818][    T1] io scheduler kyber registered
[    4.293950][    T1] io scheduler bfq registered
[    4.309950][    T1] spmi spmi-0: pmic_arb_wait_for_done: transaction failed (0x3)
[    4.317643][    T1] qcom-spmi-gpio c440000.qcom,spmi:qcom,pmr735a@4:pinctrl@8800: read 0x4 failed
[    4.326764][    T1] qcom-spmi-gpio: probe of c440000.qcom,spmi:qcom,pmr735a@4:pinctrl@8800 failed with error -5
[    4.348279][    T1] memshare soc:qcom,memshare:qcom,client_1: memshare: Continuing with allocation from CMA
[    4.358319][    T1] memshare soc:qcom,memshare:qcom,client_1: for memshare_GPS segments only will be dumped.
[    4.369013][    T1] memshare soc:qcom,memshare:qcom,client_2: memshare: Continuing with allocation from CMA
[    4.379031][    T1] memshare soc:qcom,memshare:qcom,client_2: for memshare_FTM segments only will be dumped.
[    4.389799][    T1] memshare soc:qcom,memshare:qcom,client_3: assigned reserved memory node memshare_region
[    4.399800][    T1] memshare soc:qcom,memshare:qcom,client_3: memshare: Memory allocation from shared DMA pool
[    4.410073][    T1] memshare soc:qcom,memshare:qcom,client_3: for memshare_DIAG segments only will be dumped.
[    4.427851][    T1] v0.15, id=498, ver=1.0, raw_id=408, raw_ver=0, hw_plat=34, hw_plat_ver=65536
[    4.427851][    T1]  accessory_chip=0, hw_plat_subtype=0, pmic_model=65583, pmic_die_revision=131072 foundry_id=1 serial_number=1906850967 num_pmics=4 chip_family=0x76 raw_device_family=0x6 raw_device_number=0x18 nproduct_id=0x42f num_clusters=0x1 ncluster_array_offset=0xb0 num_defective_parts=0xf ndefective_parts_array_offset=0xb4 nmodem_supported=0x0
[    4.471276][    T1] yupik-llcc 9200000.cache-controller: IRQ index 0 not found
[    4.480717][    T1] msm_mem_dump soc:mem_dump: assigned reserved memory node mem_dump_region
[    4.502080][    T1] MSM Memory Dump base table set up
[    4.507285][    T1] MSM Memory Dump apps data table set up
[    4.513929][    T1] etm save-restore supported by TZ
[    4.519181][    T1] etm save-restore supported by TZ
[    4.524425][    T1] etm save-restore supported by TZ
[    4.529670][    T1] etm save-restore supported by TZ
[    4.534929][    T1] etm save-restore supported by TZ
[    4.540210][    T1] etm save-restore supported by TZ
[    4.545488][    T1] etm save-restore supported by TZ
[    4.550781][    T1] etm save-restore supported by TZ
[    4.568556][    T1] cdsprm: Init successful
[    4.573579][    T1] 88e0000.qcom,msm-eud: ttyEUD0 at MMIO 0x0 (irq = 11, base_baud = 0) is a EUD UART
[    4.588273][    T1] rimps-memlat-mon 18590100.qcom,cpu0-rimps-l3-latmon: l2wb event missing for mon: -22
[    4.598012][    T1] rimps-memlat-mon 18590100.qcom,cpu0-rimps-l3-latmon: l2wb event missing for mon: -22
[    4.610865][    T1] rimps-log 18509c00.qcom,rimps_log: RIMPS logging initialized
[    4.624418][    T1] msm_geni_serial_init: Driver initialized
[    4.632372][    T1] Info: adsprpc (3048): swapper/0: fastrpc_get_dsp_status: adsprpc: fastrpc_get_dsp_status: cdsp node found with ret:1
[    4.645176][    T1] fastrpc soc:qcom,msm-adsprpc-mem: assigned reserved memory node adsp_region
[    4.654121][    T1] fastrpc soc:qcom,msm-adsprpc-mem: for adsp_rh segments only will be dumped.
[    4.663238][    T1] Info: adsprpc (6744): swapper/0: init_secure_vmid_list: secure VMID = 22
[    4.671903][    T1] Info: adsprpc (6744): swapper/0: init_secure_vmid_list: secure VMID = 37
[    4.680568][    T1] adsprpc: fastrpc_init_privileged_gids: privileged GID: 2908
[    4.688109][    T1] adsprpc: fastrpc_setup_service_locator: service location enabled for avs/audio (audio_pdr_adsprpc)
[    4.699102][    T1] adsprpc: fastrpc_setup_service_locator: service location enabled for tms/servreg (sensors_pdr_adsprpc)
[    4.719946][    T1] adsprpc: fastrpc_device_init: SSR notifier registered for adsp
[    4.727743][    T1] adsprpc: fastrpc_device_init: SSR notifier registered for modem
[    4.735633][    T1] adsprpc: fastrpc_device_init: SSR notifier registered for slpi
[    4.743411][    T1] adsprpc: fastrpc_device_init: SSR notifier registered for cdsp
[    4.783466][    T1] brd: module loaded
[    4.813977][    T1] loop: module loaded
[    4.818514][    T1] zram: Added device: zram0
[    4.823162][    T1] platform soc:qcom,ion:qcom,ion-heap@19: assigned reserved memory node qseecom_ta_region
[    4.833455][    T1] platform soc:qcom,ion:qcom,ion-heap@27: assigned reserved memory node qseecom_region
[    4.843300][    T1] platform soc:qcom,ion:qcom,ion-heap@26: assigned reserved memory node user_contig_region
[    4.853605][    T1] qseecom soc:qseecom@c1800000: assigned reserved memory node qseecom_region
[    4.862504][    T1] QSEECOM: qseecom_init_control: qseecom.qsee_version = 0x1402000
[    4.870413][    T1] QSEECOM: qseecom_retrieve_ce_data: Device does not support PFE
[    4.884738][    T1] spmi spmi-1: pmic_arb_debug_wait_for_done: transaction failed (0x3)
[    4.893633][    T1] spmi spmi-1: SPMI PMIC arbiter debug bus controller added
[    4.902875][    T1] tun: Universal TUN/TAP device driver, 1.6
[    4.908887][    T1] PPP generic driver version 2.4.2
[    4.914134][    T1] PPP BSD Compression module registered
[    4.919690][    T1] PPP Deflate Compression module registered
[    4.925626][    T1] PPP MPPE Compression module registered
[    4.931265][    T1] NET: Registered protocol family 24
[    4.936544][    T1] PPTP driver version 0.8.5
[    4.943802][    T1] CLD80211: Initializing
[    4.948993][    T1] usbcore: registered new interface driver r8152
[    4.955406][    T1] usbcore: registered new interface driver lan78xx
[    4.962010][    T1] usbcore: registered new interface driver asix
[    4.968323][    T1] usbcore: registered new interface driver ax88179_178a
[    4.975344][    T1] usbcore: registered new interface driver cdc_ether
[    4.986663][    T1] msm_sharedmem: msm_sharedmem_probe: Device created for client 'rmtfs'
[    5.003183][    T1] ehci_hcd: USB 2.0 'Enhanced' Host Controller (EHCI) Driver
[    5.010625][    T1] ehci-pci: EHCI PCI platform driver
[    5.015953][    T1] ehci-platform: EHCI generic platform driver
[    5.023703][    T1] usbcore: registered new interface driver uas
[    5.029942][    T1] usbcore: registered new interface driver usb-storage
[    5.036902][    T1] usbcore: registered new interface driver usb_ehset_test
[    5.044112][    T1] usbcore: registered new interface driver lvs
[    5.051321][    T1] dummy_hcd dummy_hcd.0: USB Host+Gadget Emulator, driver 02 May 2005
[    5.059563][    T1] dummy_hcd dummy_hcd.0: Dummy host controller
[    5.065761][    T1] dummy_hcd dummy_hcd.0: new USB bus registered, assigned bus number 1
[    5.074801][    T1] hub 1-0:1.0: USB hub found
[    5.079420][    T1] hub 1-0:1.0: 1 port detected
[    5.086498][    T1] usbcore: registered new interface driver xpad
[    5.092849][    T1] usbcore: registered new interface driver usbtouchscreen
[    5.102195][    T1] rtc-pm8xxx c440000.qcom,spmi:qcom,pmk8350@0:rtc@6100: registered as rtc0
[    5.110908][    T1] rtc-pm8xxx c440000.qcom,spmi:qcom,pmk8350@0:rtc@6100: setting system clock to 1970-01-01T00:02:02 UTC (122)
[    5.122938][    T1] i2c /dev entries driver
[    5.127812][    T1] synx: synx device initialization start
[    5.133631][    T1] synx: synx device initialization success
[    5.140820][    T1] usbcore: registered new interface driver uvcvideo
[    5.147449][    T1] USB Video Class driver (1.1.1)
[    5.152384][    T1] gspca_main: v2.14.0 registered
[    5.177260][    T1] cpu_voltage_cooling:build_unified_table CPU1:7 CPU2:4
[    5.184238][    T1] cpu_voltage_cooling:build_unified_table freq1:2707200 freq2:2400000
[    5.192458][    T1] cpu_voltage_cooling:build_unified_table freq1:2515200 freq2:1900800
[    5.200689][    T1] cpu_voltage_cooling:build_unified_table freq1:2380800 freq2:1900800
[    5.208908][    T1] cpu_voltage_cooling:build_unified_table freq1:2208000 freq2:1900800
[    5.217136][    T1] cpu_voltage_cooling:build_unified_table freq1:2035200 freq2:1651200
[    5.225364][    T1] cpu_voltage_cooling:build_unified_table freq1:1862400 freq2:1516800
[    5.233583][    T1] cpu_voltage_cooling:build_unified_table freq1:1766400 freq2:1516800
[    5.241809][    T1] cpu_voltage_cooling:build_unified_table freq1:1516800 freq2:1344000
[    5.250027][    T1] cpu_voltage_cooling:build_unified_table freq1:1324800 freq2:1228800
[    5.258252][    T1] cpu_voltage_cooling:build_unified_table freq1:1056000 freq2:940800
[    5.266384][    T1] cpu_voltage_cooling:build_unified_table freq1:806400 freq2:691200
[    5.277113][    T1] device-mapper: uevent: version 1.0.3
[    5.282978][    T1] device-mapper: ioctl: 4.41.0-ioctl (2019-09-16) initialised: dm-devel@redhat.com
[    5.293773][    T1] EDAC DEVICE0: Giving out device to module soc:kryo-erp controller cache: DEV soc:kryo-erp (INTERRUPT)
[    5.306688][    T1] cpuidle: using governor qcom
[    5.316388][    T1] sdhci: Secure Digital Host Controller Interface driver
[    5.323470][    T1] sdhci: Copyright(c) Pierre Ossman
[    5.328667][    T1] sdhci-pltfm: SDHCI platform and OF driver helper
[    5.341145][    T1] qpnp_vibrator_ldo_probe: Vibrator LDO successfully registered: uV = 3000000, overdrive = disabled
[    5.353568][    T1] arm-scmi soc:qcom,scmi: SCMI Protocol v2.0 'Qualcomm:CPUCP' Firmware version 0x10000
[    5.364460][   T66] tz diag version is 2403000
[    5.366115][    T1] hidraw: raw HID events driver (C) Jiri Kosina
[    5.369384][   T66] encrypted qseelog enabled is 0
[    5.377058][    T1] usbcore: registered new interface driver usbhid
[    5.386717][    T1] usbhid: USB HID core driver
[    5.391919][    T1] ashmem: initialized
[    5.397199][    T1] hh_msgq: Registered client for label: 0
[    5.416729][    T1] qcom-llcc-pmu 9095000.llcc-pmu: Registered llcc_pmu, type: 9
[    5.439830][    T1] coresight coresight-etm0: CPU0: ETM v4.2 initialized
[    5.446725][    T1] coresight-etm4x 7040000.etm: CPU0: (null) initialized
[    5.454595][    T1] coresight coresight-etm1: CPU1: ETM v4.2 initialized
[    5.461484][    T1] coresight-etm4x 7140000.etm: CPU1: (null) initialized
[    5.469344][    T1] coresight coresight-etm2: CPU2: ETM v4.2 initialized
[    5.476234][    T1] coresight-etm4x 7240000.etm: CPU2: (null) initialized
[    5.484056][    T1] coresight coresight-etm3: CPU3: ETM v4.2 initialized
[    5.490945][    T1] coresight-etm4x 7340000.etm: CPU3: (null) initialized
[    5.498772][    T1] coresight coresight-etm4: CPU4: ETM v4.2 initialized
[    5.505660][    T1] coresight-etm4x 7440000.etm: CPU4: (null) initialized
[    5.513498][    T1] coresight coresight-etm5: CPU5: ETM v4.2 initialized
[    5.520387][    T1] coresight-etm4x 7540000.etm: CPU5: (null) initialized
[    5.528249][    T1] coresight coresight-etm6: CPU6: ETM v4.2 initialized
[    5.535151][    T1] coresight-etm4x 7640000.etm: CPU6: (null) initialized
[    5.542936][    T1] coresight coresight-etm7: CPU7: ETM v4.2 initialized
[    5.549836][    T1] coresight-etm4x 7740000.etm: CPU7: (null) initialized
[    5.557056][    T1] coresight-stm 6002000.stm: coresight-stm : stm_register_device failed, probing deferred
[    5.606706][    T1] coresight-dummy soc:dummy_sink: Dummy device initialized
[    5.614312][    T1] coresight-dummy soc:tpdm@6b46000: Dummy device initialized
[    5.622264][    T1] coresight-dummy soc:tpdm@69810000: Dummy device initialized
[    5.630285][    T1] coresight-dummy soc:dummy_source: Dummy device initialized
[    5.637789][    T1] coresight-dummy soc:snoc: Uses obsolete Coresight DT bindings
[    5.645898][    T1] coresight-dummy soc:snoc: Dummy device initialized
[    5.653790][    T1] coresight-remote-etm soc:turing_etm0: Remote ETM initialized
[    5.661970][    T1] coresight-remote-etm soc:modem2_etm0: Remote ETM initialized
[    5.670151][    T1] coresight-remote-etm soc:modem_etm0: Remote ETM initialized
[    5.678275][    T1] coresight-remote-etm soc:wpss_etm0: Remote ETM initialized
[    5.686076][    T1] coresight-remote-etm soc:audio_etm0: Remote ETM initialized
[    5.694398][    T1] coresight-csr 6001000.csr: CSR initialized: coresight-csr
[    5.702009][    T1] coresight-csr 6b0f000.csr: CSR initialized: coresight-swao-csr
[    5.711699][    T1] gnss: GNSS driver registered with major 498
[    5.719201][    T1] usbcore: registered new interface driver snd-usb-audio
[    5.728546][    T1] u32 classifier
[    5.732052][    T1]     input device check on
[    5.736539][    T1]     Actions configured
[    5.742272][    T1] xt_time: kernel timezone is -0000
[    5.747544][    T1] ipip: IPv4 and MPLS over IPv4 tunneling driver
[    5.754481][    T1] gre: GRE over IPv4 demultiplexor driver
[    5.760208][    T1] ip_gre: GRE over IPv4 tunneling driver
[    5.767344][    T1] IPv4 over IPsec tunneling driver
[    5.773295][    T1] iptable_raw: Enabling raw table before defrag
[    5.779845][    T1] Initializing XFRM netlink socket
[    5.785008][    T1] IPsec XFRM device driver
[    5.790416][    T1] NET: Registered protocol family 10
[    5.797651][    T1] Segment Routing with IPv6
[    5.802361][    T1] mip6: Mobile IPv6
[    5.806369][    T1] ip6table_raw: Enabling raw table before defrag
[    5.813576][    T1] sit: IPv6, IPv4 and MPLS over IPv4 tunneling driver
[    5.821585][    T1] ip6_gre: GRE over IPv6 tunneling driver
[    5.827924][    T1] NET: Registered protocol family 17
[    5.833238][    T1] NET: Registered protocol family 15
[    5.839072][    T1] Bluetooth: RFCOMM TTY layer initialized
[    5.844814][    T1] Bluetooth: RFCOMM socket layer initialized
[    5.850837][    T1] Bluetooth: RFCOMM ver 1.11
[    5.855426][    T1] Bluetooth: HIDP (Human Interface Emulation) ver 1.2
[    5.862230][    T1] Bluetooth: HIDP socket layer initialized
[    5.868086][    T1] l2tp_core: L2TP core driver, V2.0
[    5.873287][    T1] l2tp_ppp: PPPoL2TP kernel driver, V2.0
[    5.878927][    T1] tipc: Activated (version 2.0.0)
[    5.884131][    T1] NET: Registered protocol family 30
[    5.889561][    T1] tipc: Started in single node mode
[    5.895672][  T223] qcom_haven_qrtr soc:qrtr-haven: failed to raise doorbell -11
[    5.896676][    T1] No device name found in device tree.
[    5.911302][    T1] registered taskstats version 1
[    5.916258][    T1] Loading compiled-in X.509 certificates
[    5.926338][    T1] Key type ._fscrypt registered
[    5.931189][    T1] Key type .fscrypt registered
[    5.935939][    T1] Key type fscrypt-provisioning registered
[    5.941952][    T1] pstore: Invalid compression size for deflate: 0
[    6.021067][   T66] Unable to map memory for DT property: dload_mode
[    6.028534][   T66] qnoc-yupik soc:interconnect: Registered YUPIK ICC
[    6.037008][   T66] qnoc-yupik 1500000.interconnect: Registered YUPIK ICC
[    6.044596][   T66] qnoc-yupik 1502000.interconnect: Registered YUPIK ICC
[    6.052024][   T66] qnoc-yupik 1580000.interconnect: Registered YUPIK ICC
[    6.059469][   T66] qnoc-yupik 1680000.interconnect: Registered YUPIK ICC
[    6.066963][   T66] qnoc-yupik 16e0000.interconnect: Registered YUPIK ICC
[    6.074499][   T66] qnoc-yupik 1700000.interconnect: Registered YUPIK ICC
[    6.081963][   T66] qnoc-yupik 1740000.interconnect: Registered YUPIK ICC
[    6.089261][   T66] qnoc-yupik 3c40000.interconnect: Registered YUPIK ICC
[    6.096525][   T66] qnoc-yupik 90e0000.interconnect: Registered YUPIK ICC
[    6.104088][   T66] qnoc-yupik 9100000.interconnect: Registered YUPIK ICC
[    6.111394][   T66] qnoc-yupik a0c0000.interconnect: Registered YUPIK ICC
[    6.149002][   T66] cam_cc-yupik ad00000.clock-controller: Registered CAM CC clocks
[    6.167473][   T66] disp_cc-yupik af00000.clock-controller: Registered DISP CC clocks
[    6.177111][   T66] cam_cc_titan_top_gdsc: supplied by pm8350c_s2_level
[    6.184773][   T66] cam_cc_bps_gdsc: supplied by pm8350c_s2_level
[    6.191852][   T66] cam_cc_ife_0_gdsc: supplied by pm8350c_s2_level
[    6.199078][   T66] cam_cc_ife_1_gdsc: supplied by pm8350c_s2_level
[    6.206372][   T66] cam_cc_ife_2_gdsc: supplied by pm8350c_s2_level
[    6.213611][   T66] cam_cc_ipe_0_gdsc: supplied by pm8350c_s2_level
[    6.220848][   T66] disp_cc_mdss_core_gdsc: supplied by pm8350c_s2_level
[    6.228832][   T66] gpu_cx_gdsc: supplied by pm8350c_s2_level
[    6.235581][   T66] video_cc_mvs0_gdsc: supplied by pm8350c_s2_level
[    6.242873][   T66] video_cc_mvsc_gdsc: supplied by pm8350c_s2_level
[    6.250519][   T66] gpu_gx_gdsc: supplied by pm8350c_s7_level
[    6.266112][   T66] coresight-stm 6002000.stm: STM32 initialized
[    6.277121][   T66] arm-smmu 3da0000.kgsl-smmu: 	coherent table walk
[    6.283677][   T66] arm-smmu 3da0000.kgsl-smmu: 	stream matching with 6 register groups
[    6.297937][   T66] msm_vidc:   err : ffffffff: .....: no device Registered
[    6.319408][   T66] arm-smmu 15000000.apps-smmu: 	coherent table walk
[    6.326044][   T66] arm-smmu 15000000.apps-smmu: 	stream matching with 77 register groups
[    6.351296][   T66] gpi_dma 900000.qcom,gpi-dma: Adding to iommu group 0
[    6.364241][   T66] gpi_dma a00000.qcom,gpi-dma: Adding to iommu group 1
[    6.375675][   T66] minidump-id not found for trustedvm
[    6.381208][   T66] subsys-pil-tz soc:qcom,trustedvm@d0800000: for trustedvm segments only will be dumped.
[    6.391261][   T66] subsys-pil-tz soc:qcom,trustedvm@d0800000: for md_trustedvm segments only will be dumped.
[    6.402094][   T66] minidump-id not found for yupik_ipa_fws
[    6.407914][   T66] subsys-pil-tz soc:qcom,ipa_fws: for yupik_ipa_fws segments only will be dumped.
[    6.417322][   T66] subsys-pil-tz soc:qcom,ipa_fws: for md_yupik_ipa_fws segments only will be dumped.
[    6.427513][   T66] minidump-id not found for a660_zap
[    6.432923][   T66] subsys-pil-tz soc:qcom,kgsl-hyp: for a660_zap segments only will be dumped.
[    6.441959][   T66] subsys-pil-tz soc:qcom,kgsl-hyp: for md_a660_zap segments only will be dumped.
[    6.452729][   T66] hh_msgq: Registered client for label: 1
[    6.459834][   T66] fastrpc soc:qcom,msm_fastrpc:qcom,msm_fastrpc_compute_cb1: Adding to iommu group 2
[    6.470744][   T66] fastrpc soc:qcom,msm_fastrpc:qcom,msm_fastrpc_compute_cb2: Adding to iommu group 3
[    6.481596][   T66] fastrpc soc:qcom,msm_fastrpc:qcom,msm_fastrpc_compute_cb3: Adding to iommu group 4
[    6.492449][   T66] fastrpc soc:qcom,msm_fastrpc:qcom,msm_fastrpc_compute_cb4: Adding to iommu group 5
[    6.503311][   T66] fastrpc soc:qcom,msm_fastrpc:qcom,msm_fastrpc_compute_cb5: Adding to iommu group 6
[    6.514178][   T66] fastrpc soc:qcom,msm_fastrpc:qcom,msm_fastrpc_compute_cb6: Adding to iommu group 7
[    6.525049][   T66] fastrpc soc:qcom,msm_fastrpc:qcom,msm_fastrpc_compute_cb7: Adding to iommu group 8
[    6.535921][   T66] fastrpc soc:qcom,msm_fastrpc:qcom,msm_fastrpc_compute_cb8: Adding to iommu group 9
[    6.547137][   T66] fastrpc soc:qcom,msm_fastrpc:qcom,msm_fastrpc_compute_cb9: Adding to iommu group 10
[    6.558137][   T66] fastrpc soc:qcom,msm_fastrpc:qcom,msm_fastrpc_compute_cb10: Adding to iommu group 11
[    6.569215][   T66] fastrpc soc:qcom,msm_fastrpc:qcom,msm_fastrpc_compute_cb11: Adding to iommu group 12
[    6.580223][   T66] fastrpc soc:qcom,msm_fastrpc:qcom,msm_fastrpc_compute_cb12: Adding to iommu group 13
[    6.591239][   T66] fastrpc soc:qcom,msm_fastrpc:qcom,msm_fastrpc_compute_cb13: Adding to iommu group 14
[    6.602301][   T66] fastrpc soc:qcom,msm_fastrpc:qcom,msm_fastrpc_compute_cb14: Adding to iommu group 15
[    6.613379][   T66] fastrpc soc:qcom,msm_fastrpc:qcom,msm_fastrpc_compute_cb15: Adding to iommu group 16
[    6.624513][   T66] fastrpc soc:qcom,msm_fastrpc:qcom,msm_fastrpc_compute_cb16: Adding to iommu group 17
[    6.635091][   T66] iommu-debug soc:kgsl_iommu_test_device: Adding to iommu group 18
[    6.644256][   T66] iommu-debug soc:apps_iommu_test_device: Adding to iommu group 19
[    6.653337][   T66] iommu-debug soc:apps_iommu_coherent_test_device: Adding to iommu group 20
[    6.665706][   T66] spmi spmi-0: pmic_arb_wait_for_done: transaction failed (0x3)
[    6.673395][   T66] spmi-temp-alarm c440000.qcom,spmi:qcom,pmr735a@4:qcom,temp-alarm@a00: could not read type
[    6.683603][   T66] spmi-temp-alarm: probe of c440000.qcom,spmi:qcom,pmr735a@4:qcom,temp-alarm@a00 failed with error -5
[    6.712860][   T66] qce 1de0000.qcedev: Adding to iommu group 21
[    6.719954][   T66] QCE50: __qce_get_device_tree_data: CE operating frequency is not defined, setting to default 100MHZ
[    6.731419][   T66] qce 1de0000.qcedev: QTI Crypto 5.6.0 device found @0x1de0000
[    6.739678][   T66] sps_register_bam_device: sps:BAM 0x0000000001dc4000 is registered
[    6.747919][   T66] sps_bam_enable: sps:BAM 0x0000000001dc4000 (va:0xffffffc020380000) enabled: ver:0x27, number of pipes:16
[    6.759701][   T66] QCE50: qce_sps_init:  QTI MSM CE-BAM at 0x0000000001dc4000 irq 9
[    6.770376][   T66] qce 1de0000.qcedev:qcom_cedev_ns_cb: Adding to iommu group 22
[    6.780291][   T66] qce 1de0000.qcedev:qcom_cedev_s_cb: Adding to iommu group 23
[    6.789271][   T66] qcrypto 1de0000.qcrypto: Adding to iommu group 24
[    6.796582][   T66] QCE50: __qce_get_device_tree_data: CE operating frequency is not defined, setting to default 100MHZ
[    6.808026][   T66] qcrypto 1de0000.qcrypto: QTI Crypto 5.6.0 device found @0x1de0000
[    6.816370][   T66] QCE50: qce_sps_init:  QTI MSM CE-BAM at 0x0000000001dc4000 irq 9
[    6.824902][   T66] qcrypto 1de0000.qcrypto: qcrypto-ecb-aes
[    6.831136][   T66] qcrypto 1de0000.qcrypto: qcrypto-cbc-aes
[    6.837364][   T66] qcrypto 1de0000.qcrypto: qcrypto-ctr-aes
[    6.843587][   T66] qcrypto 1de0000.qcrypto: qcrypto-ecb-des
[    6.849799][   T66] qcrypto 1de0000.qcrypto: qcrypto-cbc-des
[    6.856002][   T66] qcrypto 1de0000.qcrypto: qcrypto-ecb-3des
[    6.862242][   T66] qcrypto 1de0000.qcrypto: qcrypto-cbc-3des
[    6.868550][   T66] qcrypto 1de0000.qcrypto: qcrypto-xts-aes
[    6.874760][   T66] qcrypto 1de0000.qcrypto: qcrypto-sha1
[    6.880676][   T66] qcrypto 1de0000.qcrypto: qcrypto-sha256
[    6.886759][   T66] qcrypto 1de0000.qcrypto: qcrypto-aead-hmac-sha1-cbc-aes
[    6.894324][   T66] qcrypto 1de0000.qcrypto: qcrypto-aead-hmac-sha1-cbc-des
[    6.901859][   T66] qcrypto 1de0000.qcrypto: qcrypto-aead-hmac-sha1-cbc-3des
[    6.909438][   T66] qcrypto 1de0000.qcrypto: qcrypto-aead-hmac-sha256-cbc-aes
[    6.917198][   T66] qcrypto 1de0000.qcrypto: qcrypto-aead-hmac-sha256-cbc-des
[    6.924902][   T66] qcrypto 1de0000.qcrypto: qcrypto-aead-hmac-sha256-cbc-3des
[    6.932763][   T66] qcrypto 1de0000.qcrypto: qcrypto-hmac-sha1
[    6.939141][   T66] qcrypto 1de0000.qcrypto: qcrypto-hmac-sha256
[    6.945684][   T66] qcrypto 1de0000.qcrypto: qcrypto-aes-ccm
[    6.951902][   T66] qcrypto 1de0000.qcrypto: qcrypto-rfc4309-aes-ccm
[    6.959674][   T66] uaudio-qmi soc:usb_audio_qmi_dev: Adding to iommu group 25
[    6.972956][   T66] qupv3_geni_se 9c0000.qcom,qupv3_0_geni_se: Adding to iommu group 26
[    6.982957][   T66] qupv3_geni_se ac0000.qcom,qupv3_1_geni_se: Adding to iommu group 27
[    6.999955][   T66] ufshcd-qcom 1d84000.ufshc: Adding to iommu group 28
[    7.007537][   T66] ufshcd-qcom 1d84000.ufshc: ufshcd_populate_vreg: unable to find vdd-hba-max-microamp
[    7.017335][   T66] ufshcd-qcom 1d84000.ufshc: ufshcd_populate_vreg: Unable to find vccq2-supply regulator, assuming enabled
[    7.030692][   T66] ufshcd-qcom 1d84000.ufshc: -- Registered bus voting! (0) --
[    7.038783][   T66] ufshcd-qcom 1d84000.ufshc: ufs_qcom_parse_reg_info: Unable to find qcom,vccq-parent-supply regulator, assuming enabled
[    7.053723][   T66] scsi host0: ufshcd
[    7.065032][  T230] ufshcd-qcom 1d84000.ufshc: *** This is drivers/scsi/ufs/ufshcd.c ***
[    7.068720][    T8] sdhci_msm 7c4000.sdhci: Adding to iommu group 29
[    7.080131][   T66] adreno-a6xx-gmu 3d6a000.qcom,gmu: Adding to iommu group 30
[    7.080360][    T8] sdhci_msm 7c4000.sdhci: TCXO clk not present (-2)
[    7.088634][  T299] sdhci_msm 8804000.sdhci: Adding to iommu group 31
[    7.090816][  T230] ufshcd-qcom 1d84000.ufshc: ufshcd_print_pwr_info:[RX, TX]: gear=[1, 1], lane[1, 1], pwr[SLOWAUTO_MODE, SLOWAUTO_MODE], rate = 0
[    7.091032][   T66] kgsl-3d 3d00000.qcom,kgsl-3d0: bound 3d6a000.qcom,gmu (ops a6xx_gmu_component_ops)
[    7.095992][    T8] mmc0: CQHCI version 5.10
[    7.101166][  T299] sdhci_msm 8804000.sdhci: Got CD GPIO
[    7.103564][   T66] platform 3da0000.qcom,kgsl-iommu:gfx3d_user: Adding to iommu group 32
[    7.105703][   T66] platform 3da0000.qcom,kgsl-iommu:gfx3d_lpac: Adding to iommu group 33
[    7.107586][   T66] platform 3da0000.qcom,kgsl-iommu:gfx3d_secure: Adding to iommu group 34
[    7.115565][  T230] ufshcd-qcom 1d84000.ufshc: ufshcd_print_pwr_info:[RX, TX]: gear=[4, 4], lane[2, 2], pwr[FAST MODE, FAST MODE], rate = 2
[    7.116025][   T66] msm_geni_serial 994000.qcom,qup_uart: IRQ index 1 not found
[    7.116101][   T66] msm_geni_serial 994000.qcom,qup_uart: Serial port0 added.FifoSize 64 is_console1
[    7.116461][   T66] 994000.qcom,qup_uart: ttyMSM0 at MMIO 0x994000 (irq = 182, base_baud = 0) is a MSM
[    7.124119][  T299] sdhci_msm 8804000.sdhci: core_reset unavailable,err = -2
[    7.128697][  T230] ufshcd-qcom 1d84000.ufshc: ufshcd_wb_config: Write Booster Configured
[    7.134074][  T299] sdhci_msm 8804000.sdhci: TCXO clk not present (-2)
[    7.143291][  T230] scsi 0:0:0:49488: Well-known LUN    SKhynix  HN8T15BZGKX016   A043 PQ: 0 ANSI: 6
[    7.147140][    T8] mmc0: SDHCI controller on 7c4000.sdhci [7c4000.sdhci] using ADMA 64-bit
[    7.147144][    T8] sdhci_msm 7c4000.sdhci: mmc0: CQE init: success
[    7.147149][    T8] sdhci_msm 7c4000.sdhci: IRQ sdiowakeup_irq not found
[    7.185047][  T299] gpio gpiochip0: (f000000.pinctrl): allocate IRQ 275, hwirq 91
[    7.190684][  T230] scsi 0:0:0:49488: Attached scsi generic sg0 type 30
[    7.198738][  T299] gpio gpiochip0: (f000000.pinctrl): found parent hwirq 76
[    7.207268][  T230] scsi 0:0:0:49476: Well-known LUN    SKhynix  HN8T15BZGKX016   A043 PQ: 0 ANSI: 6
[    7.214432][  T299] gpio gpiochip0: (f000000.pinctrl): alloc_irqs_parent for 275 parent hwirq 76
[    7.222401][  T230] scsi 0:0:0:49476: Attached scsi generic sg1 type 30
[    7.231040][  T299] mmc1: SDHCI controller on 8804000.sdhci [8804000.sdhci] using ADMA 64-bit
[    7.240072][  T230] scsi 0:0:0:49456: Well-known LUN    SKhynix  HN8T15BZGKX016   A043 PQ: 0 ANSI: 6
[    7.245635][  T299] sdhci_msm 8804000.sdhci: IRQ sdiowakeup_irq not found
[    7.253754][  T230] scsi 0:0:0:49456: Attached scsi generic sg2 type 30
[    7.331367][   T66] printk: console [ttyMSM0] enabled
[    7.331367][   T66] printk: console [ttyMSM0] enabled
[    7.338179][  T230] scsi 0:0:0:0: Direct-Access     SKhynix  HN8T15BZGKX016   A043 PQ: 0 ANSI: 6
[    7.338179][  T230] scsi 0:0:0:0: Direct-Access     SKhynix  HN8T15BZGKX016   A043 PQ: 0 ANSI: 6
[    7.341758][   T66] printk: bootconsole [msm_geni_serial0] disabled
[    7.341758][   T66] printk: bootconsole [msm_geni_serial0] disabled
[    7.374021][  T230] sd 0:0:0:0: Attached scsi generic sg3 type 0
[    7.374420][    C0] sd 0:0:0:0: Power-on or device reset occurred
[    7.375133][   T66] i2c_geni 984000.i2c: Multi-EE usecase
[    7.375137][   T66] i2c_geni 984000.i2c: Bus frequency is set to 400000Hz.
[    7.386608][   T66] i2c_geni 984000.i2c: i2c error :-107
[    7.392296][  T230] scsi 0:0:0:1: Direct-Access     SKhynix  HN8T15BZGKX016   A043 PQ: 0 ANSI: 6
[    7.393496][    T8] sd 0:0:0:0: [sda] 61671424 4096-byte logical blocks: (253 GB/235 GiB)
[    7.393677][    T8] sd 0:0:0:0: [sda] Write Protect is off
[    7.394033][    T8] sd 0:0:0:0: [sda] Write cache: enabled, read cache: enabled, supports DPO and FUA
[    7.394214][    T8] sd 0:0:0:0: [sda] Optimal transfer size 524288 bytes
[    7.399470][   T66] i2c_geni 984000.i2c: i2c error :-107
[    7.405484][  T230] sd 0:0:0:1: Attached scsi generic sg4 type 0
[    7.406006][    C0] sd 0:0:0:1: Power-on or device reset occurred
[    7.407271][  T299] sd 0:0:0:1: [sdb] 2048 4096-byte logical blocks: (8.39 MB/8.00 MiB)
[    7.407439][  T299] sd 0:0:0:1: [sdb] Write Protect is off
[    7.407787][  T299] sd 0:0:0:1: [sdb] Write cache: enabled, read cache: enabled, supports DPO and FUA
[    7.407960][  T299] sd 0:0:0:1: [sdb] Optimal transfer size 524288 bytes
[    7.410134][    T8]  sda: sda1 sda2 sda3 sda4 sda5 sda6 sda7 sda8 sda9 sda10 sda11 sda12 sda13 sda14 sda15
[    7.413953][   T66] i2c_geni 984000.i2c: i2c error :-107
[    7.422353][    T8] sd 0:0:0:0: [sda] Attached SCSI disk
[    7.422657][  T230] scsi 0:0:0:2: Direct-Access     SKhynix  HN8T15BZGKX016   A043 PQ: 0 ANSI: 6
[    7.423364][  T230] sd 0:0:0:2: Attached scsi generic sg5 type 0
[    7.423757][    C0] sd 0:0:0:2: Power-on or device reset occurred
[    7.423860][  T230] scsi 0:0:0:3: Direct-Access     SKhynix  HN8T15BZGKX016   A043 PQ: 0 ANSI: 6
[    7.424591][  T230] sd 0:0:0:3: Attached scsi generic sg6 type 0
[    7.424935][  T301] sd 0:0:0:2: [sdc] 2048 4096-byte logical blocks: (8.39 MB/8.00 MiB)
[    7.425177][    C0] sd 0:0:0:3: Power-on or device reset occurred
[    7.425234][  T230] scsi 0:0:0:4: Direct-Access     SKhynix  HN8T15BZGKX016   A043 PQ: 0 ANSI: 6
[    7.425306][  T301] sd 0:0:0:2: [sdc] Write Protect is off
[    7.425752][  T301] sd 0:0:0:2: [sdc] Write cache: enabled, read cache: enabled, supports DPO and FUA
[    7.425882][  T230] sd 0:0:0:4: Attached scsi generic sg7 type 0
[    7.426070][  T301] sd 0:0:0:2: [sdc] Optimal transfer size 524288 bytes
[    7.426391][  T230] scsi 0:0:0:5: Direct-Access     SKhynix  HN8T15BZGKX016   A043 PQ: 0 ANSI: 6
[    7.426832][    C0] sd 0:0:0:4: Power-on or device reset occurred
[    7.427073][  T230] sd 0:0:0:5: Attached scsi generic sg8 type 0
[    7.427870][  T303] sd 0:0:0:3: [sdd] 8192 4096-byte logical blocks: (33.6 MB/32.0 MiB)
[    7.427958][    C0] sd 0:0:0:5: Power-on or device reset occurred
[    7.428093][   T66] i2c_geni 984000.i2c: i2c error :-107
[    7.428334][   T66] i2c_geni 984000.i2c: i2c error :-107
[    7.428535][   T66] i2c_geni 984000.i2c: i2c error :-107
[    7.428746][   T66] i2c_geni 984000.i2c: i2c error :-107
[    7.428953][   T66] i2c_geni 984000.i2c: i2c error :-107
[    7.429145][   T66] i2c_geni 984000.i2c: i2c error :-107
[    7.429335][   T66] i2c_geni 984000.i2c: i2c error :-107
[    7.429483][  T319] sd 0:0:0:4: [sde] 786432 4096-byte logical blocks: (3.22 GB/3.00 GiB)
[    7.429643][  T319] sd 0:0:0:4: [sde] Write Protect is off
[    7.429760][  T321] sd 0:0:0:5: [sdf] 8192 4096-byte logical blocks: (33.6 MB/32.0 MiB)
[    7.429901][  T321] sd 0:0:0:5: [sdf] Write Protect is off
[    7.430077][  T319] sd 0:0:0:4: [sde] Write cache: enabled, read cache: enabled, supports DPO and FUA
[    7.430280][  T319] sd 0:0:0:4: [sde] Optimal transfer size 524288 bytes
[    7.430433][  T321] sd 0:0:0:5: [sdf] Write cache: enabled, read cache: enabled, supports DPO and FUA
[    7.430585][  T321] sd 0:0:0:5: [sdf] Optimal transfer size 524288 bytes
[    7.431094][  T299]  sdb: sdb1 sdb2
[    7.431968][   T66] I2C PMIC: i2c_pmic_probe: I2C PMIC probe successful
[    7.433800][   T66] I2C PMIC: i2c_pmic_probe: I2C PMIC probe successful
[    7.435773][   T66] I2C PMIC: i2c_pmic_probe: I2C PMIC probe successful
[    7.437386][  T299] sd 0:0:0:1: [sdb] Attached SCSI disk
[    7.437582][   T66] I2C PMIC: i2c_pmic_probe: I2C PMIC probe successful
[    7.445160][  T303] sd 0:0:0:3: [sdd] Write Protect is off
[    7.449226][  T301]  sdc: sdc1 sdc2
[    7.450061][   T66] i2c_geni 984000.i2c: I2C probed
[    7.455979][  T319]  sde: sde1 sde2 sde3 sde4 sde5 sde6 sde7 sde8 sde9 sde10 sde11 sde12 sde13 sde14 sde15 sde16 sde17 sde18 sde19 sde20 sde21 sde22 sde23 sde24 sde25 sde26 sde27 sde28 sde29 sde30 sde31 sde32 sde33 sde34 sde35 sde36 sde37 sde38 sde39 sde40 sde41 sde42 sde43 sde44 sde45 sde46 sde47 sde48 sde49 sde50 sde51 sde52 sde53 sde54 sde55 sde56 sde57 sde58 sde59 sde60 sde61 sde62 sde63 sde64 sde65 sde66 sde67
[    7.458102][  T321]  sdf: sdf1 sdf2 sdf3 sdf4 sdf5
[    7.459283][  T301] sd 0:0:0:2: [sdc] Attached SCSI disk
[    7.464321][   T66] msm_geni_serial 99c000.qcom,qup_uart: Wakeup byte 0xfd
[    7.466136][  T321] sd 0:0:0:5: [sdf] Attached SCSI disk
[    7.470648][  T303] sd 0:0:0:3: [sdd] Write cache: enabled, read cache: enabled, supports DPO and FUA
[    7.476313][   T66] gpio gpiochip0: (f000000.pinctrl): allocate IRQ 276, hwirq 31
[    7.483967][  T319] sd 0:0:0:4: [sde] Attached SCSI disk
[    7.485726][  T303] sd 0:0:0:3: [sdd] Optimal transfer size 524288 bytes
[    7.492544][   T66] gpio gpiochip0: (f000000.pinctrl): found parent hwirq 90
[    7.492550][   T66] gpio gpiochip0: (f000000.pinctrl): alloc_irqs_parent for 276 parent hwirq 90
[    7.894100][   T66] msm_geni_serial 99c000.qcom,qup_uart: Serial port0 added.FifoSize 64 is_console0
[    7.897515][  T303]  sdd: sdd1 sdd2 sdd3
[    7.905070][   T66] 99c000.qcom,qup_uart: ttyHS0 at MMIO 0x99c000 (irq = 184, base_baud = 0) is a MSM
[    7.911787][  T303] sd 0:0:0:3: [sdd] Attached SCSI disk
[    7.920038][   T66] w5500 spi0.0: pinctrl set active
[    7.943591][   T66] gpio gpiochip0: (f000000.pinctrl): allocate IRQ 277, hwirq 103
[    7.951428][   T66] gpio gpiochip0: (f000000.pinctrl): found parent hwirq 116
[    7.958797][   T66] gpio gpiochip0: (f000000.pinctrl): alloc_irqs_parent for 277 parent hwirq 116
[    9.472062][   T66] spi_geni a90000.spi: tx_fifo 16 rx_fifo 16 tx_width 32
[    9.479376][   T66] Version : 04
[    9.483064][   T66] iinchip_socket_sethwaddr():383=54:8:dc:91:97:98
[    9.489961][   T66] w5500: MAC [54:08:dc:91:97:98]
[    9.495396][   T66] w5500: socket(0) Tx(0x4000,0x3fff,0x0) Rx(0x4000,0x3fff,0x0)
[    9.503515][   T66] w5500: socket(1) Tx(0x0,0x0,0x0) Rx(0x0,0x0,0x0)
[    9.510549][   T66] w5500: socket(2) Tx(0x0,0x0,0x0) Rx(0x0,0x0,0x0)
[    9.517522][   T66] w5500: socket(3) Tx(0x0,0x0,0x0) Rx(0x0,0x0,0x0)
[    9.524567][   T66] w5500: socket(4) Tx(0x0,0x0,0x0) Rx(0x0,0x0,0x0)
[    9.531622][   T66] w5500: socket(5) Tx(0x0,0x0,0x0) Rx(0x0,0x0,0x0)
[    9.538660][   T66] w5500: socket(6) Tx(0x0,0x0,0x0) Rx(0x0,0x0,0x0)
[    9.545658][   T66] w5500: socket(7) Tx(0x0,0x0,0x0) Rx(0x0,0x0,0x0)
[    9.553782][   T66] spi_geni a90000.spi: spi_geni_probe: completed
[    9.562482][   T66] gpio gpiochip0: (f000000.pinctrl): allocate IRQ 278, hwirq 81
[    9.570197][   T66] gpio gpiochip0: (f000000.pinctrl): found parent hwirq 119
[    9.577561][   T66] gpio gpiochip0: (f000000.pinctrl): alloc_irqs_parent for 278 parent hwirq 119
[    9.586698][   T66] [Touch] - sw49410_probe(touch_sw49410.c) 2321
[    9.593027][   T66] spi_geni a94000.spi: spi_geni_probe: completed
[    9.600484][   T66] msm-dwc3 8c00000.hsusb: Adding to iommu group 35
[    9.608647][   T66] dwc3 8c00000.dwc3: changing max_speed on rev 00000000
[    9.622104][   T66] msm-dwc3 8c00000.hsusb: No interconnects found.
[    9.628569][   T66] msm-dwc3 8c00000.hsusb: Dynamic voting failed
[    9.634851][   T66] msm-dwc3 8c00000.hsusb: IRQ hs_phy_irq not found
[    9.642825][   T66] msm-dwc3 8c00000.hsusb: IRQ ss_phy_irq not found
[    9.649376][   T66] msm-dwc3 8c00000.hsusb: IRQ dp_hs_phy_irq1 not found
[    9.656284][   T66] msm-dwc3 8c00000.hsusb: IRQ dm_hs_phy_irq1 not found
[    9.663201][   T66] msm-dwc3 8c00000.hsusb: IRQ ss_phy_irq1 not found
[    9.670767][   T66] coresight-tmc 6048000.tmc: Adding to iommu group 36
[    9.672342][  T303] msm-dwc3 8c00000.hsusb: DWC3 exited from low power mode
[    9.679305][   T66] sps_register_bam_device: sps:BAM 0x0000000006064000 is registered
[    9.685182][  T303] msm-dwc3 8c00000.hsusb: DWC3 in low power mode
[    9.693941][   T66] minidump-id not found for venus
[    9.706147][   T66] msm_vidc_v4l2 aa00000.qcom,vidc:non_secure_cb: Adding to iommu group 37
[    9.716406][   T66] msm_vidc_v4l2 aa00000.qcom,vidc:secure_non_pixel_cb: Adding to iommu group 38
[    9.727175][   T66] msm_vidc_v4l2 aa00000.qcom,vidc:secure_bitstream_cb: Adding to iommu group 39
[    9.738116][   T66] msm_vidc_v4l2 aa00000.qcom,vidc:secure_pixel_cb: Adding to iommu group 40
[    9.750077][   T66] [Touch] - sw49410_probe(touch_sw49410.c) 2321
[    9.757123][   T66] [Touch] - sw49410_probe(touch_sw49410.c) 2321
[    9.765239][    T1] gpio gpiochip2: (c440000.qcom,spmi:qcom,pm7325@1:pinctrl@8800): allocate IRQ 280, hwirq 5
[    9.775492][    T1] gpio gpiochip2: (c440000.qcom,spmi:qcom,pm7325@1:pinctrl@8800): found parent hwirq 141
[    9.785455][    T1] gpio gpiochip2: (c440000.qcom,spmi:qcom,pm7325@1:pinctrl@8800): alloc_irqs_parent for 280 parent hwirq 141
[    9.797467][    T1] gpio gpiochip4: (c440000.qcom,spmi:qcom,pm7250b@2:pinctrl@c000): allocate IRQ 281, hwirq 2
[    9.807779][    T1] gpio gpiochip4: (c440000.qcom,spmi:qcom,pm7250b@2:pinctrl@c000): found parent hwirq 194
[    9.817813][    T1] gpio gpiochip4: (c440000.qcom,spmi:qcom,pm7250b@2:pinctrl@c000): alloc_irqs_parent for 281 parent hwirq 194
[    9.829962][    T1] input: gpio-keys as /devices/platform/soc/soc:gpio_keys/input/input1
[    9.839061][   T66] [Touch] - sw49410_probe(touch_sw49410.c) 2321
[    9.841294][    T1] bimc-bwmon: Zone thres larger than hw limit: hi:0 med:4000 lo:0
[    9.853886][   T66] [Touch] - sw49410_probe(touch_sw49410.c) 2321
[    9.855382][    T1] bimc-bwmon: Zone thres larger than hw limit: hi:0 med:4000 lo:0
[    9.868665][   T66] [Touch] - sw49410_probe(touch_sw49410.c) 2321
[    9.870902][    T1] bimc-bwmon: Zone thres larger than hw limit: hi:0 med:4000 lo:0
[    9.883337][   T66] [Touch] - sw49410_probe(touch_sw49410.c) 2321
[    9.890237][   T66] [Touch] - sw49410_probe(touch_sw49410.c) 2321
[    9.897156][   T66] [Touch] - sw49410_probe(touch_sw49410.c) 2321
[    9.904073][   T66] [Touch] - sw49410_probe(touch_sw49410.c) 2321
[    9.907404][    T1] RNDIS_IPA module is loaded.
[    9.910933][   T66] [Touch] - sw49410_probe(touch_sw49410.c) 2321
[    9.915052][    T1] cfg80211: Loading compiled-in X.509 certificates for regulatory database
[    9.930945][  T344] cryptomgr_probe (344) used greatest stack depth: 14272 bytes left
[    9.931103][    T1] cfg80211: Loaded X.509 cert 'sforshee: 00b28ddf47aef9cea7'
[    9.946665][    T1] cfg80211: Loaded X.509 cert 'wens: 61c038651aabdcf94bd0ac7ff06c7248db18c600'
[    9.955842][   T64] platform regulatory.0: Direct firmware load for regulatory.db failed with error -2
[    9.957927][    T1] gpu_cc-yupik 3d90000.clock-controller: sync-state
[    9.965434][   T64] platform regulatory.0: Falling back to sysfs fallback for: regulatory.db
[    9.980878][    T1] video_cc-yupik aaf0000.clock-controller: sync-state
[    9.981142][   T33] cryptomgr_probe (344): highest shadow stack usage: 168 bytes
[    9.987832][    T1] ALSA device list:
[    9.999102][    T1]   No soundcards found.
[   10.005318][    T1] Freeing unused kernel memory: 5568K
[   10.021119][    T1] Run /init as init process
[   10.037777][    T1] init: init first stage started!
[   10.043284][    T1] init: Loading module /lib/modules/msm_drm.ko with args "dsi_display0=qcom,mdss_dsi_sw49410_wqhd_plus_dsc_cmd:"
[   10.078725][    T1] [drm:sde_power_parse_ib_votes:474]: error reading min core ib vote. rc=-22, np=bf4924b0
[   10.080180][   T66] [Touch] - sw49410_probe(touch_sw49410.c) 2321
[   10.088751][    T1] [drm:sde_power_parse_ib_votes:482]: error reading min llcc ib vote. rc=-22
[   10.088754][    T1] [drm:sde_power_parse_ib_votes:490]: error reading min dram ib vote. rc=-22
[   10.089214][    T1] [sde_rsc_hw:rsc_hw_init_v3:537]: sde rsc init successfully done
[   10.120637][    T1] [sde_rsc:sde_rsc_probe:1799]: sde rsc index:0 probed successfully
[   10.129543][  T319] [Touch] - sw49410_probe(touch_sw49410.c) 2321
[   10.129832][    T1] dsi_phy ae94400.qcom,mdss_dsi_phy0: ae94400.qcom,mdss_dsi_phy0 supply gdsc not found, using dummy regulator
[   10.148202][    T1] [drm:dsi_pll_init [msm_drm]] [msm-dsi-info]: DSI_PLL_0: DSI pll label = dsi_pll_5nm
[   10.158007][    T1] [drm:dsi_pll_init [msm_drm]] [msm-dsi-info]: DSI_PLL_0: PLL SSC enabled
[   10.166632][    T1] dsi_pll_init: PLL base=ffffffc01473d900
[   10.173249][    T1] dsi_pll_5nm_get_gdsc_status: reg:0xf822f000 status:1
[   10.180145][    T1] vco_5nm_recalc_rate: handoff_resources true
[   10.188557][    T1] dsi_pll_5nm_get_gdsc_status: reg:0xf822f000 status:1
[   10.195452][    T1] vco_5nm_recalc_rate: handoff_resources true
[   10.204759][    T1] dsi_pll_clock_register_5nm: Registered DSI PLL ndx=0, clocks successfully
[   10.214070][    T1] [drm:dsi_phy_driver_probe [msm_drm]] [msm-dsi-info]: DSI_0: Probe successful
[   10.225273][  T319] [Touch] - sw49410_probe(touch_sw49410.c) 2321
[   10.225819][    T1] OF: graph: no port node found in /soc/qcom,dsi-display-primary
[   10.239468][    T1] [drm:dsi_ctrl_get [msm_drm]] *ERROR* [msm-dsi-error]: inv: Device with of node not found rc=-517
[   10.250384][    T1] [drm:dsi_display_init [msm_drm]] *ERROR* [msm-dsi-error]: failed to get dsi controller, rc=-517
[   10.261247][    T1] [drm:dsi_display_init [msm_drm]] *ERROR* [msm-dsi-error]: [(null)] failed to initialize resources, rc=-517
[   10.273060][    T1] [drm:dsi_display_init [msm_drm]] *ERROR* [msm-dsi-error]: device init failed, rc=-517
[   10.285597][    T1] msmdrm_smmu soc:qcom,smmu_sde_unsec_cb: Adding to iommu group 41
[   10.286419][  T319] OF: graph: no port node found in /soc/qcom,dsi-display-primary
[   10.293886][    T1] [drm] probing device qcom,smmu_sde_unsec
[   10.302177][  T319] [drm:dsi_ctrl_get [msm_drm]] *ERROR* [msm-dsi-error]: inv: Device with of node not found rc=-517
[   10.308009][    T1] [drm] Created domain mdp_ns, secure=0
[   10.308970][    T1] msmdrm_smmu soc:qcom,smmu_sde_sec_cb: Adding to iommu group 42
[   10.319050][  T319] [drm:dsi_display_init [msm_drm]] *ERROR* [msm-dsi-error]: failed to get dsi controller, rc=-517
[   10.324740][    T1] [drm] probing device qcom,smmu_sde_sec
[   10.332310][  T319] [drm:dsi_display_init [msm_drm]] *ERROR* [msm-dsi-error]: [(null)] failed to initialize resources, rc=-517
[   10.342940][    T1] [drm] Created domain mdp_s, secure=1
[   10.348673][  T319] [drm:dsi_display_init [msm_drm]] *ERROR* [msm-dsi-error]: device init failed, rc=-517
[   10.362947][    T1] [drm:sde_dbg_init:2392] evtlog_status: enable:11, panic:1, dump:2
[   10.366859][  T319] [Touch] - sw49410_probe(touch_sw49410.c) 2321
[   10.377633][    T1] init: Loaded kernel module /lib/modules/msm_drm.ko
[   10.385088][  T319] OF: graph: no port node found in /soc/qcom,dsi-display-primary
[   10.390547][    T1] init: Switching root to '/first_stage_ramdisk'
[   10.396826][  T319] [drm:dsi_ctrl_get [msm_drm]] *ERROR* [msm-dsi-error]: inv: Device with of node not found rc=-517
[   10.405730][    T1] init: [libfs_mgr]dt_fstab: Skip disabled entry for partition vendor
[   10.410966][  T319] [drm:dsi_display_init [msm_drm]] *ERROR* [msm-dsi-error]: failed to get dsi controller, rc=-517
[   10.411053][  T319] [drm:dsi_display_init [msm_drm]] *ERROR* [msm-dsi-error]: [(null)] failed to initialize resources, rc=-517
[   10.421795][    T1] init: [libfs_mgr]ReadFstabFromDt(): failed to read fstab from dt
[   10.430071][  T319] [drm:dsi_display_init [msm_drm]] *ERROR* [msm-dsi-error]: device init failed, rc=-517
[   10.432130][  T319] [drm:dsi_ctrl_dev_probe [msm_drm]] [msm-dsi-info]: dsi-ctrl-0: Probe successful
[   10.441045][    T1] init: [libfs_mgr]dt_fstab: Skip disabled entry for partition vendor
[   10.452926][  T319] [Touch] - sw49410_probe(touch_sw49410.c) 2321
[   10.461332][    T1] init: Using Android DT directory /proc/device-tree/firmware/android/
[   10.471613][  T319] OF: graph: no port node found in /soc/qcom,dsi-display-primary
[   10.521146][    T7] sd 0:0:0:2: [sdc] Synchronizing SCSI cache
[   10.531092][  T319] msm_drm ae00000.qcom,mdss_mdp: bound soc:qcom,smmu_sde_unsec_cb (ops msm_smmu_comp_ops [msm_drm])
[   10.542107][  T319] msm_drm ae00000.qcom,mdss_mdp: bound soc:qcom,smmu_sde_sec_cb (ops msm_smmu_comp_ops [msm_drm])
[   10.552937][  T319] msm_drm ae00000.qcom,mdss_mdp: bound soc:qcom,wb-display@0 (ops sde_wb_comp_ops [msm_drm])
[   10.553150][   T69] sd 0:0:0:1: [sdb] Synchronizing SCSI cache
[   10.564514][  T319] [drm:dsi_display_bind [msm_drm]] [msm-dsi-info]: Successfully bind display panel 'qcom,mdss_dsi_sw49410_wqhd_plus_dsc_cmd'
[   10.582493][  T319] gpio gpiochip0: (f000000.pinctrl): allocate IRQ 282, hwirq 80
[   10.590192][  T319] gpio gpiochip0: (f000000.pinctrl): found parent hwirq 118
[   10.597563][  T319] gpio gpiochip0: (f000000.pinctrl): alloc_irqs_parent for 282 parent hwirq 118
[   10.606918][  T319] msm_drm ae00000.qcom,mdss_mdp: bound soc:qcom,dsi-display-primary (ops dsi_display_comp_ops [msm_drm])
[   10.618376][  T319] msm_drm ae00000.qcom,mdss_mdp: bound af20000.qcom,sde_rscc (ops sde_rsc_comp_ops [msm_drm])
[   10.628844][  T319] msm_drm ae00000.qcom,mdss_mdp: bound ae90000.qcom,dp_display (ops dp_display_comp_ops [msm_drm])
[   10.639719][  T319] [drm] mapped mdp address space @ffffffc01a400000
[   10.647501][  T319] [drm:_sde_kms_hw_init_blocks:4682] sde hardware revision:0x70020000
[   10.655982][  T319] [drm:msm_smmu_new [msm_drm]] *ERROR* unable to find domain 1 compat: qcom,smmu_sde_nrt_unsec
[   10.666564][  T319] [drm:msm_smmu_new [msm_drm]] *ERROR* unable to find domain 3 compat: qcom,smmu_sde_nrt_sec
[   10.677070][   T68] sd 0:0:0:0: [sda] Synchronizing SCSI cache
[   10.677097][   T31] sd 0:0:0:5: [sdf] Synchronizing SCSI cache
[   10.679916][  T319] [drm:dsi_panel_get_mode [msm_drm]] [msm-dsi-info]: default topology: lm: 1 comp_enc:1 intf: 1
[   10.680512][  T319] [drm:dp_parser_get_vreg][msm-dp-warn][319 ]no supply entry present: ???
[   10.680516][  T319] [drm:dp_parser_get_vreg][msm-dp-warn][319 ]no supply entry present: ???
[   10.680520][  T319] [drm:dp_parser_get_vreg][msm-dp-warn][319 ]no supply entry present: ???
[   10.680523][  T319] [drm:dp_parser_get_vreg][msm-dp-warn][319 ]no supply entry present: qcom,pll-supply-entries
[   10.682579][  T319] [drm:dp_pll_get][msm-dp-info][319 ]revision=DP_PLL_7NM, ssc_en=0, bonding_en=0
[   10.683347][  T319] [drm:dp_power_clk_init][msm-dp-err][319 ]Unable to get DP link clk RCG: -2
[   10.684777][    T1] init: [libfs_mgr]superblock s_max_mnt_count:65535,/dev/block/by-name/metadata
[   10.684905][    T1] init: [libfs_mgr]check_fs(): mount(/dev/block/by-name/metadata,/metadata,ext4)=-1: No such file or directory
[   10.693646][    T1] e2fsck: e2fsck 1.45.4 (23-Sep-2019)
[   10.699669][  T319] [drm:dp_power_clk_init][msm-dp-err][319 ]Unable to get DP link parent: -2
[   10.701014][  T319] [drm:dp_display_initialize_hdcp][msm-dp-info][319 ]HDCP 1.3 initialized
[   10.708272][    T1] e2fsck: Pass 1: Checking inodes, blocks, and sizes
[   10.711319][  T357] e2fsck (357) used greatest stack depth: 12464 bytes left
[   10.717495][  T319] [drm:dp_display_initialize_hdcp][msm-dp-info][319 ]HDCP 2.2 initialized
[   10.725487][    T1] e2fsck: Pass 2: Checking directory structure
[   10.739768][  T319] hh_msgq: Registered client for label: 2
[   10.745035][    T1] e2fsck: Pass 3: Checking directory connectivity
[   10.756019][  T319] [drm] Supports vblank timestamp caching Rev 2 (21.10.2013).
[   10.763112][    T1] e2fsck: Pass 4: Checking reference counts
[   10.774900][  T319] [drm] No driver support for vblank timestamp query.
[   10.777174][  T319] [drm] Initialized msm_drm 1.4.0 20130625 for ae00000.qcom,mdss_mdp on minor 0
[   10.780397][    T1] e2fsck: Pass 5: Checking group summary information
[   10.789066][  T319] [drm] cont_splash enabled in 1 of 1 display(s)
[   10.789318][  T319] [drm:dsi_ctrl_isr_configure [msm_drm]] [msm-dsi-info]: dsi-ctrl-0: IRQ 284 registered
[   10.797663][    T1] e2fsck: /dev/block/by-name/metadata: 37/4096 files (0.0% non-contiguous), 1202/4096 blocks
[   10.805554][  T319] disp_cc-yupik af00000.clock-controller: sync-state
[   10.815458][    T1] EXT4-fs (sda13): mounted filesystem with ordered data mode. Opts: discard
[   10.821063][  T319] [Touch] - sw49410_probe(touch_sw49410.c) 2321
[   10.821149][   T46] e2fsck (357): highest shadow stack usage: 304 bytes
[   10.845742][    T1] device-mapper: verity: sha256 using implementation "sha256-ce"
[   10.846107][  T319] [Touch] start dev.of_node
[   10.861682][    T1] EXT4-fs (dm-5): mounting with "discard" option, but the device does not support discard
[   10.868066][  T319] [Touch] fw_image - 0:SW49410_L0W60NEO_1_07.img
[   10.874646][    T1] EXT4-fs (dm-5): mounted filesystem without journal. Opts: barrier=1,discard
[   10.883736][    T1] device-mapper: verity: sha256 using implementation "sha256-ce"
[   10.890957][  T319] [Touch] end dev.of_node
[   10.910437][    T1] EXT4-fs (dm-6): mounting with "discard" option, but the device does not support discard
[   10.916658][  T319] [Touch] touch_gpio_init - pin:441, name:touch_reset
[   10.922904][    T1] EXT4-fs (dm-6): mounted filesystem without journal. Opts: barrier=1,discard
[   10.925082][    T1] device-mapper: verity: sha256 using implementation "sha256-ce"
[   10.929726][  T319] [Touch] touch_gpio_direction_output - pin:441, value:1
[   10.946082][    T1] EXT4-fs (dm-7): mounting with "discard" option, but the device does not support discard
[   10.951991][  T319] [Touch] touch_gpio_init - pin:417, name:touch_int
[   10.952001][  T319] [Touch] touch_gpio_direction_input - pin:417
[   10.958364][    T1] EXT4-fs (dm-7): mounted filesystem without journal. Opts: barrier=1,discard
[   10.967305][  T319] [Touch] - touch_power_init(touch_sw49410.c) 727
[   10.977423][    T1] device-mapper: verity: sha1 using implementation "sha1-ce"
[   10.979462][  T319] sw49410 spi1.0: spi1.0 supply vdd not found, using dummy regulator
[   11.000549][    T1] EXT4-fs (dm-8): mounting with "discard" option, but the device does not support discard
[   11.005432][  T319] sw49410 spi1.0: spi1.0 supply vio not found, using dummy regulator
[   11.012943][    T1] EXT4-fs (dm-8): mounted filesystem without journal. Opts: barrier=1,discard
[   11.015220][    T1] device-mapper: verity: sha1 using implementation "sha1-ce"
[   11.020135][  T319] [Touch] - touch_bus_init(touch_sw49410.c) 673
[   11.037308][    T1] EXT4-fs (dm-9): mounting with "discard" option, but the device does not support discard
[   11.043205][  T319] [Touch] pinctrl set active
[   11.051827][    T1] EXT4-fs (dm-9): mounted filesystem without journal. Opts: barrier=1,discard
[   11.058276][  T319] [Touch] - sw49410_get_swipe_info(touch_sw49410.c) 1347
[   11.098918][    T1] printk: init: 38 output lines suppressed due to ratelimiting
[   11.100945][  T319] [Touch] - sw49410_get_lpwg_abs_info(touch_sw49410.c) 1440
[   11.160207][  T319] [Touch] - sw49410_get_voice_button_info(touch_sw49410.c) 1450
[   11.168475][  T319] [Touch] touch_init_input 1439-3119-255-1439-3119-90-10
[   11.169105][  T131] sd 0:0:0:3: [sdd] Synchronizing SCSI cache
[   11.175727][  T319] input: touch_dev as /devices/virtual/input/input2
[   11.188840][  T319] [Touch] Disable IRQ.
[   11.188848][  T319] [Touch] - sw49410_register_sysfs(touch_sw49410.c) 3739
[   11.200026][  T319] [Touch] hw_reset_delay : 90 ms
[   11.283510][    T1] init: [libfs_mgr] dt_fstab: Skip disabled entry for partition vendor
[   11.297594][  T299] [Touch] - touch_init_work_func(touch_sw49410.c) 509
[   11.305043][  T299] [Touch] touch_ic_init Start
[   11.310082][  T299] [Touch] - sw49410_init(touch_sw49410.c) 2878
[   11.316343][  T299] [Touch] sw49410_init: charger_state = 0x00
[   11.323345][  T299] spi_geni a94000.spi: tx_fifo 16 rx_fifo 16 tx_width 32
[   11.325106][    T1] init: Opening SELinux policy
[   11.331730][  T299] [Touch] version : v0.00, chip : 0, protocol : 0
[   11.331730][  T299] [Touch] chip_rev : 0, fpc : 0, lcm : 0, lot : 0
[   11.331730][  T299] [Touch] product id : 
[   11.331730][  T299] [Touch] flash boot : idle, booting, crc : ok
[   11.341113][    T1] init: Falling back to standard signature check. TODO implement support for fsverity SEPolicy.
[   11.358292][  T299] [Touch] date : 0000.00.00 00:00:00 Site0
[   11.369055][    T1] init: Error: Apex SEPolicy failed signature check
[   11.375200][  T299] [Touch] sw49410_init : NORMAL(0)
[   11.381294][    T1] init: Loading APEX Sepolicy from /system/etc/selinux/apex/SEPolicy.zip
[   11.386545][  T299] [Touch] sw49410_setup_q_sensitivity : NORMAL(0)
[   11.394914][    T1] init: Failed to open package /system/etc/selinux/apex/SEPolicy.zip: No such file or directory
[   11.401320][  T299] [Touch] resume ts->lpwg.screen on
[   11.413856][    T1] init: /system/etc/selinux/plat_sepolicy_and_mapping.sha256 and /odm/etc/selinux/precompiled_sepolicy.plat_sepolicy_and_mapping.sha256 differ
[   11.417037][  T299] [Touch] sw49410_tci_control: type= 0
[   11.417197][  T299] [Touch] sw49410_lpwg_control mode = 0
[   11.431781][    T1] init: Compiling SELinux policy
[   11.472955][  T299] [Touch] sw49410_tc_driving = 0x0003, 0x181
[   11.479187][  T299] [Touch] DDI Display Mode = 0x00000000
[   11.484904][  T299] [Touch] Enable IRQ.
[   11.484920][  T299] [Touch] Enable IRQ wake.
[   11.488886][  T299] [Touch] - touch_upgrade_work_func(touch_sw49410.c) 346
[   11.500341][  T299] [Touch] Disable IRQ wake.
[   11.500343][  T299] [Touch] Disable IRQ.
[   11.504843][  T299] [Touch] get fwpath from def_fwpath : SW49410_L0W60NEO_1_07.img
[   11.516673][  T299] [Touch] fwpath[SW49410_L0W60NEO_1_07.img]
[   11.522692][  T299] sw49410 spi1.0: Direct firmware load for SW49410_L0W60NEO_1_07.img failed with error -2
[   11.532730][  T299] sw49410 spi1.0: Falling back to sysfs fallback for: SW49410_L0W60NEO_1_07.img
[   12.009236][  T320] (virq:irq_count)- 3:3921 47:874 57:360 54:53 183:30 186:26 185:21 60:13 48:12 51:9 
[   12.018951][  T320] (cpu:irq_count)- 0:1878 1:188 2:580 3:308 4:133 5:94 6:193 7:1980 
[   12.027212][  T320] (ipi:irq_count)- 0:5808 1:554 2:0 3:0 4:0 5:976 6:0 
[   12.318537][  T394] secilc (394) used greatest stack depth: 11232 bytes left
[   12.318638][    T1] init: /system/bin/secilc: linker: Warning: failed to find generated linker configuration from "/linkerconfig/ld.config.txt"
[   12.339051][    T1] init: /system/bin/secilc: WARNING: linker: Warning: failed to find generated linker configuration from "/linkerconfig/ld.config.txt"
[   12.373236][   T58] secilc (394): highest shadow stack usage: 360 bytes
[   12.621384][    T1] SELinux:  policy capability network_peer_controls=1
[   12.628198][    T1] SELinux:  policy capability open_perms=1
[   12.634033][    T1] SELinux:  policy capability extended_socket_class=1
[   12.640840][    T1] SELinux:  policy capability always_check_network=0
[   12.647559][    T1] SELinux:  policy capability cgroup_seclabel=0
[   12.653847][    T1] SELinux:  policy capability nnp_nosuid_transition=1
[   12.863531][   T63] audit: type=1403 audit(130.247:2): auid=4294967295 ses=4294967295 lsm=selinux res=1
[   12.873218][   T63] audit: type=1404 audit(130.255:3): enforcing=1 old_enforcing=0 auid=4294967295 ses=4294967295 enabled=1 old-enabled=1 lsm=selinux res=1
[   12.876507][    T1] printk: init: 7 output lines suppressed due to ratelimiting
[   12.906693][    T1] init: init second stage started!
[   12.924172][    T1] selinux: SELinux: Loaded file context from:
[   12.930291][    T1] selinux: 		/system/etc/selinux/plat_file_contexts
[   12.936992][    T1] selinux: 		/system_ext/etc/selinux/system_ext_file_contexts
[   12.944526][    T1] selinux: 		/product/etc/selinux/product_file_contexts
[   12.951519][    T1] selinux: 		/vendor/etc/selinux/vendor_file_contexts
[   12.994228][    T1] init: Using Android DT directory /proc/device-tree/firmware/android/
[   13.011060][   T63] audit: type=1107 audit(130.395:4): pid=1 uid=0 auid=4294967295 ses=4294967295 subj=u:r:init:s0 msg='avc:  denied  { set } for property=persist.backup.ntpServer pid=1 uid=0 gid=0 scontext=u:r:vendor_init:s0 tcontext=u:object_r:default_prop:s0 tclass=property_service permissive=0'
[   13.011146][    T1] init: Do not have permissions to set 'persist.backup.ntpServer' to '0.pool.ntp.org' in property file '/vendor/build.prop': SELinux permission check failed
[   13.054218][    T1] init: Overriding previous property 'dalvik.vm.heapsize':'36m' with new value '512m'
[   13.064960][   T63] audit: type=1107 audit(130.447:5): pid=1 uid=0 auid=4294967295 ses=4294967295 subj=u:r:init:s0 msg='avc:  denied  { set } for property=vendor.mm.enable.qcom_parser pid=1 uid=0 gid=0 scontext=u:r:vendor_init:s0 tcontext=u:object_r:vendor_mm_parser_prop:s0 tclass=property_service permissive=0'
[   13.064982][    T1] init: Do not have permissions to set 'vendor.mm.enable.qcom_parser' to '16777215' in property file '/vendor/build.prop': SELinux permission check failed
[   13.109222][   T63] audit: type=1107 audit(130.495:6): pid=1 uid=0 auid=4294967295 ses=4294967295 subj=u:r:init:s0 msg='avc:  denied  { set } for property=persist.demo.hdmirotationlock pid=1 uid=0 gid=0 scontext=u:r:vendor_init:s0 tcontext=u:object_r:default_prop:s0 tclass=property_service permissive=0'
[   13.220956][    T1] cgroup2: Unknown parameter 'memory_recursiveprot'
[   13.230219][    T1] cgroup1: Unknown subsys name 'schedtune'
[   13.284329][  T397] ueventd: ueventd started!
[   13.291306][  T397] selinux: SELinux: Loaded file context from:
[   13.297428][  T397] selinux: 		/system/etc/selinux/plat_file_contexts
[   13.304063][  T397] selinux: 		/system_ext/etc/selinux/system_ext_file_contexts
[   13.311590][  T397] selinux: 		/product/etc/selinux/product_file_contexts
[   13.318578][  T397] selinux: 		/vendor/etc/selinux/vendor_file_contexts
[   13.325656][  T397] ueventd: Parsing file /system/etc/ueventd.rc...
[   13.332727][  T397] ueventd: Added '/vendor/etc/ueventd.rc' to import list
[   13.339818][  T397] ueventd: Added '/odm/etc/ueventd.rc' to import list
[   13.346861][  T397] ueventd: Parsing file /vendor/etc/ueventd.rc...
[   13.358579][  T398] apexd: Bootstrap subcommand detected
[   13.364579][  T398] cutils-trace: Error opening trace file: No such file or directory (2)
[   13.373666][  T398] apexd-bootstrap: Scanning /system/apex for pre-installed ApexFiles
[   13.384527][  T398] apexd-bootstrap: Found pre-installed APEX /system/apex/com.android.scheduling.capex
[   13.399159][  T398] apexd-bootstrap: Found pre-installed APEX /system/apex/com.android.permission.capex
[   13.414286][  T398] apexd-bootstrap: Found pre-installed APEX /system/apex/com.android.virt.apex
[   13.428014][  T398] apexd-bootstrap: Found pre-installed APEX /system/apex/com.android.adbd.capex
[   13.442555][  T398] apexd-bootstrap: Found pre-installed APEX /system/apex/com.android.tzdata.apex
[   13.455965][  T398] apexd-bootstrap: Found pre-installed APEX /system/apex/com.android.appsearch.capex
[   13.470941][  T398] apexd-bootstrap: Found pre-installed APEX /system/apex/com.android.configinfrastructure.capex
[   13.944899][  T299] [Touch] fw size:99840, data: ffffffc01a6a5000
[   13.951843][  T299] [Touch] tc_status : 0x0, code_valid:error, cfg_valid:error
[   13.959286][  T299] [Touch] spr_boot_st : 0x0, flash_error : ok
[   13.965379][  T299] [Touch] bin-ver: 1.07 (L0W60NEO), dev-ver: 0.00 -> update: 1, force_fwup: 1
[   14.103152][  T444] EXT4-fs (loop1): mounted filesystem without journal. Opts: (null)
[   14.118241][  T443] EXT4-fs (loop0): mounted filesystem without journal. Opts: (null)
[   14.118977][  T445] EXT4-fs (loop2): mounted filesystem without journal. Opts: (null)
[   14.122212][  T447] EXT4-fs (loop4): mounted filesystem without journal. Opts: (null)
[   14.124411][  T446] EXT4-fs (loop3): mounted filesystem without journal. Opts: (null)
[   14.159953][  T398] printk: apexd: 48 output lines suppressed due to ratelimiting
[   14.176972][  T299] [Touch] sw49410_fw_upgrade - Checking FW Image before flashing
[   14.184760][  T299] [Touch] sw49410_fw_upgrade - FW Image Size(0x00018600) flash_fw_size= 0x18000
[   14.193877][  T299] [Touch] Firmware Size READ : 0x18000
[   14.199342][  T299] [Touch] Firmware CRC READ : 0x5EED12F9
[   14.204980][  T299] [Touch] ==================== COMMON ====================
[   14.212218][  T299] [Touch] magic code         : 0xCACACACA
[   14.217945][  T299] [Touch] chip id            : 49410
[   14.223227][  T299] [Touch] struct_ver         : 1
[   14.228153][  T299] [Touch] specific_cnt       : 1
[   14.233079][  T299] [Touch] cfg_c size         : 512
[   14.238188][  T299] [Touch] cfg_s size         : 1024
[   14.243379][  T299] [Touch] date               : 0x01102016
[   14.249105][  T299] [Touch] time               : 0x00000000
[   14.254832][  T299] [Touch] ==================== SPECIFIC #1 =====================
[   14.262620][  T299] [Touch] chip_rev           : 0
[   14.266150][   T63] audit: type=1400 audit(131.651:7): avc:  denied  { kill } for  pid=458 comm="linkerconfig" capability=5  scontext=u:r:linkerconfig:s0 tcontext=u:r:linkerconfig:s0 tclass=capability permissive=0
[   14.267561][  T299] [Touch] fpcb_id            : 0
[   14.287024][   T63] audit: type=1400 audit(131.655:8): avc:  denied  { mounton } for  pid=1 comm="init" path="/sys/kernel/tracing" dev="tracefs" ino=1 scontext=u:r:init:s0 tcontext=u:object_r:debugfs_tracing_debug:s0 tclass=dir permissive=0
[   14.291945][  T299] [Touch] lcm_id             : 1
[   14.291947][  T299] [Touch] model_id           : 0
[   14.323682][  T299] [Touch] model_name         : ml00
[   14.328886][  T299] [Touch] lot_id             : 0
[   14.329350][  T131] sd 0:0:0:4: [sde] Synchronizing SCSI cache
[   14.329975][   T52] apexd (398): highest shadow stack usage: 368 bytes
[   14.333858][  T299] [Touch] ver                : 1
[   14.351481][  T299] [Touch] sw49410_fw_upgrade - FW Image Verification success!!
[   14.518064][  T463] cat (463) used greatest stack depth: 11136 bytes left
[   14.798009][  T482] rmnet_ctl: loading out-of-tree module taints kernel.
[   14.804495][  T484] rmnet_ctl: loading out-of-tree module taints kernel.
[   14.829061][  T489] qcom_llcc_edac qcom_llcc_edac: No ECC IRQ; defaulting to polling mode
[   14.837065][  T486] bt-debug-gpio not provided in devicetree
[   14.843542][  T486] xo-reset-gpio not provided in devicetree
[   14.850478][  T486] bt_dt_parse_clk_info: clocks is not provided in device tree
[   14.857137][  T489] EDAC DEVICE1: Giving out device to module qcom_llcc_edac controller llcc: DEV qcom_llcc_edac (POLLED)
[   14.858118][  T486] bt_power_populate_dt_pinfo: clock not provided in device tree
[   14.881177][  T486] No TCS CMD entry found in DTSI
[   14.888156][  T484] DATARMNETb1c42acd9c(): rmnet_offload initializing
[   14.903084][  T482] DATARMNET163e93649e(): Starting rmnet SHS module 9731 
[   14.919538][  T486] bt_power_probe: Failed to get TCS table info
[   15.017505][  T545] ngd_msm_ctrl 3ac0000.slim: Adding to iommu group 43
[   15.024933][  T511] msm_cam_smmu soc:qcom,cam_smmu:msm_cam_smmu_ife: Adding to iommu group 44
[   15.034964][  T511] msm_cam_smmu soc:qcom,cam_smmu:msm_cam_smmu_jpeg: Adding to iommu group 45
[   15.040284][  T545] modprobe (545) used greatest stack depth: 10768 bytes left
[   15.046218][  T511] msm_cam_smmu soc:qcom,cam_smmu:msm_cam_smmu_icp: Adding to iommu group 46
[   15.061598][  T511] msm_cam_smmu soc:qcom,cam_smmu:msm_cam_smmu_cpas_cdm: Adding to iommu group 47
[   15.072859][  T511] msm_cam_smmu soc:qcom,cam_smmu:msm_cam_smmu_lrme: Adding to iommu group 48
[   15.073127][   T40] modprobe (545): highest shadow stack usage: 400 bytes
[   15.129766][  T511] cam_cc-yupik ad00000.clock-controller: sync-state
